******************************************************************************
                  TI ARM Linker PC v16.9.6                     
******************************************************************************
>> Linked Wed Jun 01 10:23:37 2022

OUTPUT FILE NAME:   <Lab1ref_InputOutput.out>
ENTRY POINT SYMBOL: "_c_int00"  address: 00000691


MEMORY CONFIGURATION

         name            origin    length      used     unused   attr    fill
----------------------  --------  ---------  --------  --------  ----  --------
  MAIN                  00000000   00040000  000007fc  0003f804  R  X
  INFO                  00200000   00004000  00000000  00004000  R  X
  SRAM_CODE             01000000   00010000  0000021c  0000fde4  RW X
  SRAM_DATA             20000000   00010000  0000021c  0000fde4  RW  


SEGMENT ALLOCATION MAP

run origin  load origin   length   init length attrs members
----------  ----------- ---------- ----------- ----- -------
00000000    00000000    00000800   00000800    r-x
  00000000    00000000    000000e4   000000e4    r-- .intvecs
  000000e4    000000e4    000006f0   000006f0    r-x .text
  000007d8    000007d8    00000028   00000028    r-- .cinit
20000000    20000000    0000001c   00000000    rw-
  20000000    20000000    0000001c   00000000    rw- .data
2000fe00    2000fe00    00000200   00000000    rw-
  2000fe00    2000fe00    00000200   00000000    rw- .stack


SECTION ALLOCATION MAP

 output                                  attributes/
section   page    origin      length       input sections
--------  ----  ----------  ----------   ----------------
.intvecs   0    00000000    000000e4     
                  00000000    000000e4     startup_msp432p401r_ccs.obj (.intvecs:retain)

.binit     0    00000000    00000000     

.text      0    000000e4    000006f0     
                  000000e4    0000032c     system_msp432p401r.obj (.text)
                  00000410    0000010c     InputOutput.obj (.text)
                  0000051c    0000009c     rtsv7M4_T_le_v4SPD16_eabi.lib : memcpy_t2.obj (.text)
                  000005b8    00000070                                   : autoinit.obj (.text)
                  00000628    00000068                                   : copy_decompress_lzss.obj (.text:decompress:lzss)
                  00000690    00000054                                   : boot.obj (.text)
                  000006e4    00000054                                   : exit.obj (.text)
                  00000738    0000004c                                   : cpy_tbl.obj (.text)
                  00000784    00000018                                   : args_main.obj (.text)
                  0000079c    00000014                                   : _lock.obj (.text)
                  000007b0    0000000e                                   : copy_decompress_none.obj (.text:decompress:none)
                  000007be    0000000e     startup_msp432p401r_ccs.obj (.text)
                  000007cc    00000004     rtsv7M4_T_le_v4SPD16_eabi.lib : pre_init.obj (.text)
                  000007d0    00000002                                   : mpu_init.obj (.text)
                  000007d2    00000002                                   : startup.obj (.text)

.cinit     0    000007d8    00000028     
                  000007d8    00000015     (.cinit..data.load) [load image, compression = lzss]
                  000007ed    00000003     --HOLE-- [fill = 0]
                  000007f0    00000008     (__TI_handler_table)
                  000007f8    00000008     (__TI_cinit_table)

.init_array 
*          0    00000000    00000000     UNINITIALIZED

.data      0    20000000    0000001c     UNINITIALIZED
                  20000000    0000000c     rtsv7M4_T_le_v4SPD16_eabi.lib : exit.obj (.data:$O1$$)
                  2000000c    00000008                                   : _lock.obj (.data:$O1$$)
                  20000014    00000004                                   : stkdepth_vars.obj (.data)
                  20000018    00000004     system_msp432p401r.obj (.data)

.stack     0    2000fe00    00000200     UNINITIALIZED
                  2000fe00    00000200     --HOLE--

MODULE SUMMARY

       Module                        code   ro data   rw data
       ------                        ----   -------   -------
    .\
       system_msp432p401r.obj        812    0         8      
       InputOutput.obj               268    0         0      
       startup_msp432p401r_ccs.obj   14     228       0      
    +--+-----------------------------+------+---------+---------+
       Total:                        1094   228       8      
                                                             
    C:\ti\ccsv7\tools\compiler\ti-cgt-arm_16.9.6.LTS\lib\rtsv7M4_T_le_v4SPD16_eabi.lib
       memcpy_t2.obj                 156    0         0      
       autoinit.obj                  112    0         0      
       exit.obj                      84     0         24     
       copy_decompress_lzss.obj      104    0         0      
       boot.obj                      84     0         0      
       cpy_tbl.obj                   76     0         0      
       _lock.obj                     20     0         16     
       args_main.obj                 24     0         0      
       copy_decompress_none.obj      14     0         0      
       stkdepth_vars.obj             0      0         8      
       pre_init.obj                  4      0         0      
       mpu_init.obj                  2      0         0      
       startup.obj                   2      0         0      
    +--+-----------------------------+------+---------+---------+
       Total:                        682    0         48     
                                                             
       Stack:                        0      0         1024   
       Linker Generated:             0      37        0      
    +--+-----------------------------+------+---------+---------+
       Grand Total:                  1776   265       1080   


LINKER GENERATED COPY TABLES

__TI_cinit_table @ 000007f8 records: 1, size/record: 8, table size: 8
	.data: load addr=000007d8, load size=00000015 bytes, run addr=20000000, run size=0000001c bytes, compression=lzss


LINKER GENERATED HANDLER TABLE

__TI_handler_table @ 000007f0 records: 2, size/record: 4, table size: 8
	index: 0, handler: __TI_decompress_lzss
	index: 1, handler: __TI_decompress_none


GLOBAL SYMBOLS: SORTED ALPHABETICALLY BY Name 

address   name                           
-------   ----                           
000007cb  ADC14_IRQHandler               
000007cb  AES256_IRQHandler              
000007cb  BusFault_Handler               
000006e5  C$$EXIT                        
000007cb  COMP_E0_IRQHandler             
000007cb  COMP_E1_IRQHandler             
000007cb  CS_IRQHandler                  
000007cb  DMA_ERR_IRQHandler             
000007cb  DMA_INT0_IRQHandler            
000007cb  DMA_INT1_IRQHandler            
000007cb  DMA_INT2_IRQHandler            
000007cb  DMA_INT3_IRQHandler            
000007cb  DebugMon_Handler               
000007cb  Default_Handler                
000007cb  EUSCIA0_IRQHandler             
000007cb  EUSCIA1_IRQHandler             
000007cb  EUSCIA2_IRQHandler             
000007cb  EUSCIA3_IRQHandler             
000007cb  EUSCIB0_IRQHandler             
000007cb  EUSCIB1_IRQHandler             
000007cb  EUSCIB2_IRQHandler             
000007cb  EUSCIB3_IRQHandler             
000007cb  FLCTL_IRQHandler               
000007cb  FPU_IRQHandler                 
000007cb  HardFault_Handler              
000007cb  MemManage_Handler              
000007cb  NMI_Handler                    
000007cb  PCM_IRQHandler                 
000007cb  PORT1_IRQHandler               
000007cb  PORT2_IRQHandler               
000007cb  PORT3_IRQHandler               
000007cb  PORT4_IRQHandler               
000007cb  PORT5_IRQHandler               
000007cb  PORT6_IRQHandler               
000007cb  PSS_IRQHandler                 
000007cb  PendSV_Handler                 
00000411  Port1_Init                     
00000431  Port1_Input                    
0000045b  Port1_Output                   
0000043b  Port2_Init                     
00000479  Port2_Output                   
000007cb  RTC_C_IRQHandler               
000007bf  Reset_Handler                  
UNDEFED   SHT$$INIT_ARRAY$$Base          
UNDEFED   SHT$$INIT_ARRAY$$Limit         
000007cb  SVC_Handler                    
000007cb  SysTick_Handler                
20000018  SystemCoreClock                
000000e5  SystemCoreClockUpdate          
00000359  SystemInit                     
000007cb  T32_INT1_IRQHandler            
000007cb  T32_INT2_IRQHandler            
000007cb  T32_INTC_IRQHandler            
000007cb  TA0_0_IRQHandler               
000007cb  TA0_N_IRQHandler               
000007cb  TA1_0_IRQHandler               
000007cb  TA1_N_IRQHandler               
000007cb  TA2_0_IRQHandler               
000007cb  TA2_N_IRQHandler               
000007cb  TA3_0_IRQHandler               
000007cb  TA3_N_IRQHandler               
000007cb  UsageFault_Handler             
4000480c  WDTCTL_SYM                     
000007cb  WDT_A_IRQHandler               
20010000  __STACK_END                    
00000200  __STACK_SIZE                   
000007f8  __TI_CINIT_Base                
00000800  __TI_CINIT_Limit               
000007f0  __TI_Handler_Table_Base        
000007f8  __TI_Handler_Table_Limit       
000005b9  __TI_auto_init                 
20000000  __TI_cleanup_ptr               
00000629  __TI_decompress_lzss           
000007b1  __TI_decompress_none           
20000004  __TI_dtors_ptr                 
20000008  __TI_enable_exit_profile_output
ffffffff  __TI_pprof_out_hndl            
ffffffff  __TI_prof_data_size            
ffffffff  __TI_prof_data_start           
00000000  __TI_static_base__             
0000051d  __aeabi_memcpy                 
0000051d  __aeabi_memcpy4                
0000051d  __aeabi_memcpy8                
ffffffff  __binit__                      
ffffffff  __c_args__                     
000007d1  __mpu_init                     
2000fe00  __stack                        
00000785  _args_main                     
00000691  _c_int00                       
2000000c  _lock                          
000007ab  _nop                           
000007a3  _register_lock                 
0000079d  _register_unlock               
000007d3  _system_post_cinit             
000007cd  _system_pre_init               
20000010  _unlock                        
000006e9  abort                          
ffffffff  binit                          
00000739  copy_in                        
000006f1  exit                           
00000000  interruptVectors               
0000048d  main                           
20000014  main_func_sp                   
0000051d  memcpy                         


GLOBAL SYMBOLS: SORTED BY Symbol Address 

address   name                           
-------   ----                           
00000000  __TI_static_base__             
00000000  interruptVectors               
000000e5  SystemCoreClockUpdate          
00000200  __STACK_SIZE                   
00000359  SystemInit                     
00000411  Port1_Init                     
00000431  Port1_Input                    
0000043b  Port2_Init                     
0000045b  Port1_Output                   
00000479  Port2_Output                   
0000048d  main                           
0000051d  __aeabi_memcpy                 
0000051d  __aeabi_memcpy4                
0000051d  __aeabi_memcpy8                
0000051d  memcpy                         
000005b9  __TI_auto_init                 
00000629  __TI_decompress_lzss           
00000691  _c_int00                       
000006e5  C$$EXIT                        
000006e9  abort                          
000006f1  exit                           
00000739  copy_in                        
00000785  _args_main                     
0000079d  _register_unlock               
000007a3  _register_lock                 
000007ab  _nop                           
000007b1  __TI_decompress_none           
000007bf  Reset_Handler                  
000007cb  ADC14_IRQHandler               
000007cb  AES256_IRQHandler              
000007cb  BusFault_Handler               
000007cb  COMP_E0_IRQHandler             
000007cb  COMP_E1_IRQHandler             
000007cb  CS_IRQHandler                  
000007cb  DMA_ERR_IRQHandler             
000007cb  DMA_INT0_IRQHandler            
000007cb  DMA_INT1_IRQHandler            
000007cb  DMA_INT2_IRQHandler            
000007cb  DMA_INT3_IRQHandler            
000007cb  DebugMon_Handler               
000007cb  Default_Handler                
000007cb  EUSCIA0_IRQHandler             
000007cb  EUSCIA1_IRQHandler             
000007cb  EUSCIA2_IRQHandler             
000007cb  EUSCIA3_IRQHandler             
000007cb  EUSCIB0_IRQHandler             
000007cb  EUSCIB1_IRQHandler             
000007cb  EUSCIB2_IRQHandler             
000007cb  EUSCIB3_IRQHandler             
000007cb  FLCTL_IRQHandler               
000007cb  FPU_IRQHandler                 
000007cb  HardFault_Handler              
000007cb  MemManage_Handler              
000007cb  NMI_Handler                    
000007cb  PCM_IRQHandler                 
000007cb  PORT1_IRQHandler               
000007cb  PORT2_IRQHandler               
000007cb  PORT3_IRQHandler               
000007cb  PORT4_IRQHandler               
000007cb  PORT5_IRQHandler               
000007cb  PORT6_IRQHandler               
000007cb  PSS_IRQHandler                 
000007cb  PendSV_Handler                 
000007cb  RTC_C_IRQHandler               
000007cb  SVC_Handler                    
000007cb  SysTick_Handler                
000007cb  T32_INT1_IRQHandler            
000007cb  T32_INT2_IRQHandler            
000007cb  T32_INTC_IRQHandler            
000007cb  TA0_0_IRQHandler               
000007cb  TA0_N_IRQHandler               
000007cb  TA1_0_IRQHandler               
000007cb  TA1_N_IRQHandler               
000007cb  TA2_0_IRQHandler               
000007cb  TA2_N_IRQHandler               
000007cb  TA3_0_IRQHandler               
000007cb  TA3_N_IRQHandler               
000007cb  UsageFault_Handler             
000007cb  WDT_A_IRQHandler               
000007cd  _system_pre_init               
000007d1  __mpu_init                     
000007d3  _system_post_cinit             
000007f0  __TI_Handler_Table_Base        
000007f8  __TI_CINIT_Base                
000007f8  __TI_Handler_Table_Limit       
00000800  __TI_CINIT_Limit               
20000000  __TI_cleanup_ptr               
20000004  __TI_dtors_ptr                 
20000008  __TI_enable_exit_profile_output
2000000c  _lock                          
20000010  _unlock                        
20000014  main_func_sp                   
20000018  SystemCoreClock                
2000fe00  __stack                        
20010000  __STACK_END                    
4000480c  WDTCTL_SYM                     
ffffffff  __TI_pprof_out_hndl            
ffffffff  __TI_prof_data_size            
ffffffff  __TI_prof_data_start           
ffffffff  __binit__                      
ffffffff  __c_args__                     
ffffffff  binit                          
UNDEFED   SHT$$INIT_ARRAY$$Base          
UNDEFED   SHT$$INIT_ARRAY$$Limit         

[104 symbols]
