******************************************************************************
                  TI ARM Linker PC v16.9.6                     
******************************************************************************
>> Linked Tue Oct 28 14:56:43 2025

OUTPUT FILE NAME:   <Lab3_Bump_Reflectance_Systick.out>
ENTRY POINT SYMBOL: "_c_int00"  address: 000011f5


MEMORY CONFIGURATION

         name            origin    length      used     unused   attr    fill
----------------------  --------  ---------  --------  --------  ----  --------
  MAIN                  00000000   00040000  00001406  0003ebfa  R  X
  INFO                  00200000   00004000  00000000  00004000  R  X
  SRAM_CODE             01000000   00010000  0000024f  0000fdb1  RW X
  SRAM_DATA             20000000   00010000  0000024f  0000fdb1  RW  


SEGMENT ALLOCATION MAP

run origin  load origin   length   init length attrs members
----------  ----------- ---------- ----------- ----- -------
00000000    00000000    00001408   00001408    r-x
  00000000    00000000    000000e4   000000e4    r-- .intvecs
  000000e4    000000e4    000012c2   000012c2    r-x .text
  000013a8    000013a8    00000020   00000020    r-- .const
  000013c8    000013c8    00000040   00000040    r-- .cinit
20000000    20000000    0000004f   00000000    rw-
  20000000    20000000    00000048   00000000    rw- .data
  20000048    20000048    00000007   00000000    rw- .bss
2000fe00    2000fe00    00000200   00000000    rw-
  2000fe00    2000fe00    00000200   00000000    rw- .stack


SECTION ALLOCATION MAP

 output                                  attributes/
section   page    origin      length       input sections
--------  ----  ----------  ----------   ----------------
.intvecs   0    00000000    000000e4     
                  00000000    000000e4     startup_msp432p401r_ccs.obj (.intvecs:retain)

.binit     0    00000000    00000000     

.text      0    000000e4    000012c2     
                  000000e4    00000630     TExaS.obj (.text)
                  00000714    0000032c     system_msp432p401r.obj (.text)
                  00000a40    000001e0     Clock.obj (.text)
                  00000c20    000001bc     Reflectance.obj (.text)
                  00000ddc    000000f4     LaunchPad.obj (.text)
                  00000ed0    000000a4     Lab3_Sensorsmain.obj (.text)
                  00000f74    0000009c     rtsv7M4_T_le_v4SPD16_eabi.lib : memcpy_t2.obj (.text)
                  00001010    00000090     Bump.obj (.text)
                  000010a0    0000007a     rtsv7M4_T_le_v4SPD16_eabi.lib : memset_t2.obj (.text)
                  0000111a    00000002                                   : mpu_init.obj (.text)
                  0000111c    00000070                                   : autoinit.obj (.text)
                  0000118c    00000068                                   : copy_decompress_lzss.obj (.text:decompress:lzss)
                  000011f4    00000054                                   : boot.obj (.text)
                  00001248    00000054                                   : exit.obj (.text)
                  0000129c    0000004c                                   : cpy_tbl.obj (.text)
                  000012e8    00000040     SysTickInts.obj (.text)
                  00001328    00000024     CortexM.obj (.text)
                  0000134c    00000018     rtsv7M4_T_le_v4SPD16_eabi.lib : args_main.obj (.text)
                  00001364    00000014                                   : _lock.obj (.text)
                  00001378    0000000e                                   : copy_decompress_none.obj (.text:decompress:none)
                  00001386    0000000e     startup_msp432p401r_ccs.obj (.text)
                  00001394    0000000c     rtsv7M4_T_le_v4SPD16_eabi.lib : copy_zero_init.obj (.text:decompress:ZI)
                  000013a0    00000004                                   : pre_init.obj (.text)
                  000013a4    00000002                                   : startup.obj (.text)

.const     0    000013a8    00000020     
                  000013a8    00000020     Reflectance.obj (.const:$P$T0$1)

.cinit     0    000013c8    00000040     
                  000013c8    00000017     (.cinit..data.load) [load image, compression = lzss]
                  000013df    00000001     --HOLE-- [fill = 0]
                  000013e0    0000000c     (__TI_handler_table)
                  000013ec    00000004     --HOLE-- [fill = 0]
                  000013f0    00000008     (.cinit..bss.load) [load image, compression = zero_init]
                  000013f8    00000010     (__TI_cinit_table)

.init_array 
*          0    00000000    00000000     UNINITIALIZED

.data      0    20000000    00000048     UNINITIALIZED
                  20000000    00000018     Clock.obj (.data)
                  20000018    0000000c     rtsv7M4_T_le_v4SPD16_eabi.lib : exit.obj (.data:$O1$$)
                  20000024    0000000c     TExaS.obj (.data)
                  20000030    00000008     rtsv7M4_T_le_v4SPD16_eabi.lib : _lock.obj (.data:$O1$$)
                  20000038    00000005     Lab3_Sensorsmain.obj (.data)
                  2000003d    00000003     --HOLE--
                  20000040    00000004     rtsv7M4_T_le_v4SPD16_eabi.lib : stkdepth_vars.obj (.data)
                  20000044    00000004     system_msp432p401r.obj (.data)

.bss       0    20000048    00000007     UNINITIALIZED
                  20000048    00000004     (.common:PeriodicTask2)
                  2000004c    00000001     (.common:LogicData)
                  2000004d    00000001     (.common:bump_data)
                  2000004e    00000001     (.common:reflectance_data)

.stack     0    2000fe00    00000200     UNINITIALIZED
                  2000fe00    00000200     --HOLE--

MODULE SUMMARY

       Module                        code   ro data   rw data
       ------                        ----   -------   -------
    .\
       TExaS.obj                     1584   0         34     
       system_msp432p401r.obj        812    0         8      
       Clock.obj                     480    0         48     
       Reflectance.obj               444    32        0      
       LaunchPad.obj                 244    0         0      
       startup_msp432p401r_ccs.obj   14     228       0      
       Lab3_Sensorsmain.obj          164    0         14     
       Bump.obj                      144    0         0      
       SysTickInts.obj               64     0         0      
       CortexM.obj                   36     0         0      
    +--+-----------------------------+------+---------+---------+
       Total:                        3986   260       104    
                                                             
    C:\ti\ccsv7\tools\compiler\ti-cgt-arm_16.9.6.LTS\lib\rtsv7M4_T_le_v4SPD16_eabi.lib
       memcpy_t2.obj                 156    0         0      
       memset_t2.obj                 122    0         0      
       autoinit.obj                  112    0         0      
       exit.obj                      84     0         24     
       copy_decompress_lzss.obj      104    0         0      
       boot.obj                      84     0         0      
       cpy_tbl.obj                   76     0         0      
       _lock.obj                     20     0         16     
       args_main.obj                 24     0         0      
       copy_decompress_none.obj      14     0         0      
       copy_zero_init.obj            12     0         0      
       stkdepth_vars.obj             0      0         8      
       pre_init.obj                  4      0         0      
       mpu_init.obj                  2      0         0      
       startup.obj                   2      0         0      
    +--+-----------------------------+------+---------+---------+
       Total:                        816    0         48     
                                                             
       Stack:                        0      0         1024   
       Linker Generated:             0      59        0      
    +--+-----------------------------+------+---------+---------+
       Grand Total:                  4802   319       1176   


LINKER GENERATED COPY TABLES

__TI_cinit_table @ 000013f8 records: 2, size/record: 8, table size: 16
	.data: load addr=000013c8, load size=00000017 bytes, run addr=20000000, run size=00000048 bytes, compression=lzss
	.bss: load addr=000013f0, load size=00000008 bytes, run addr=20000048, run size=00000007 bytes, compression=zero_init


LINKER GENERATED HANDLER TABLE

__TI_handler_table @ 000013e0 records: 3, size/record: 4, table size: 12
	index: 0, handler: __TI_decompress_lzss
	index: 1, handler: __TI_decompress_none
	index: 2, handler: __TI_zero_init


GLOBAL SYMBOLS: SORTED ALPHABETICALLY BY Name 

address   name                           
-------   ----                           
00001393  ADC14_IRQHandler               
00000475  ADC_Init                       
00001393  AES256_IRQHandler              
00001011  Bump_Init                      
00001045  Bump_Read                      
00001393  BusFault_Handler               
00001249  C$$EXIT                        
00001393  COMP_E0_IRQHandler             
00001393  COMP_E1_IRQHandler             
20000008  CPMwait                        
00001393  CS_IRQHandler                  
20000000  ClockFrequency                 
00000b95  Clock_Delay1ms                 
00000b6b  Clock_Delay1us                 
00000b57  Clock_GetFreq                  
00000a41  Clock_Init48MHz                
20000014  Crystalstable                  
00001393  DMA_ERR_IRQHandler             
00001393  DMA_INT0_IRQHandler            
00001393  DMA_INT1_IRQHandler            
00001393  DMA_INT2_IRQHandler            
00001393  DMA_INT3_IRQHandler            
00001393  DebugMon_Handler               
00001393  Default_Handler                
00001329  DisableInterrupts              
00001393  EUSCIA0_IRQHandler             
00001393  EUSCIA1_IRQHandler             
00001393  EUSCIA2_IRQHandler             
00001393  EUSCIA3_IRQHandler             
00001393  EUSCIB0_IRQHandler             
00001393  EUSCIB1_IRQHandler             
00001393  EUSCIB2_IRQHandler             
00001393  EUSCIB3_IRQHandler             
0000132f  EnableInterrupts               
0000133f  EndCritical                    
00001393  FLCTL_IRQHandler               
00001393  FPU_IRQHandler                 
00001393  HardFault_Handler              
20000010  IFlags                         
00000ddd  LaunchPad_Init                 
00000e4d  LaunchPad_Input                
00000e67  LaunchPad_LED                  
00000e85  LaunchPad_Output               
000000e5  LogicAnalyzer                  
000000ef  LogicAnalyzer_P1               
000001c5  LogicAnalyzer_P10              
000000fd  LogicAnalyzer_P2               
0000010b  LogicAnalyzer_P2_7654          
0000011b  LogicAnalyzer_P3               
00000129  LogicAnalyzer_P4               
00000147  LogicAnalyzer_P4_765320        
00000137  LogicAnalyzer_P4_765432        
0000017f  LogicAnalyzer_P5               
0000018d  LogicAnalyzer_P6               
0000019b  LogicAnalyzer_P7               
000001a9  LogicAnalyzer_P8               
000001b7  LogicAnalyzer_P9               
2000004c  LogicData                      
20000038  MainCount                      
00001393  MemManage_Handler              
00001393  NMI_Handler                    
00001393  PCM_IRQHandler                 
00001393  PORT1_IRQHandler               
00001393  PORT2_IRQHandler               
00001393  PORT3_IRQHandler               
00001393  PORT4_IRQHandler               
00001393  PORT5_IRQHandler               
00001393  PORT6_IRQHandler               
00001393  PSS_IRQHandler                 
00001393  PendSV_Handler                 
20000048  PeriodicTask2                  
00000257  PeriodicTask2_Init             
000002d1  PeriodicTask2_Stop             
00000c31  Port5_Init                     
00000c85  Port7_Init                     
00000ca7  Port7_InitToInput              
00000c99  Port7_Output_ChargeCap         
00000c5b  Port9_Init                     
2000000c  Postwait                       
20000004  Prewait                        
00001393  RTC_C_IRQHandler               
00000cfd  Reflectance_Center             
00000d99  Reflectance_End                
00000c21  Reflectance_Init               
00000d27  Reflectance_Position           
00000caf  Reflectance_Read               
00000d97  Reflectance_Start              
00001387  Reset_Handler                  
UNDEFED   SHT$$INIT_ARRAY$$Base          
UNDEFED   SHT$$INIT_ARRAY$$Limit         
00001393  SVC_Handler                    
000001d3  Scope                          
00001335  StartCritical                  
00000ed1  SysTick_Handler                
00000ed1  SysTick_Handler                
000012e9  SysTick_Init                   
20000044  SystemCoreClock                
00000715  SystemCoreClockUpdate          
00000989  SystemInit                     
000002c1  T32_INT1_IRQHandler            
000002c1  T32_INT1_IRQHandler            
00001393  T32_INT2_IRQHandler            
00001393  T32_INTC_IRQHandler            
00001393  TA0_0_IRQHandler               
00001393  TA0_N_IRQHandler               
00001393  TA1_0_IRQHandler               
00001393  TA1_N_IRQHandler               
00001393  TA2_0_IRQHandler               
00001393  TA2_N_IRQHandler               
00001393  TA3_0_IRQHandler               
00001393  TA3_N_IRQHandler               
00000413  TExaS_Clear0                   
0000041f  TExaS_Clear1                   
0000042b  TExaS_Clear2                   
00000437  TExaS_Clear3                   
00000443  TExaS_Clear4                   
00000445  TExaS_Clear5                   
00000451  TExaS_Clear6                   
00000551  TExaS_Init                     
20000028  TExaS_ScopeErrConflict         
20000024  TExaS_ScopeErrLostData         
2000002c  TExaS_ScopeWrnReconfig         
000003b1  TExaS_Set                      
000003c9  TExaS_Set0                     
000003d5  TExaS_Set1                     
000003e1  TExaS_Set2                     
000003ed  TExaS_Set3                     
000003f9  TExaS_Set4                     
000003fb  TExaS_Set5                     
00000407  TExaS_Set6                     
000006b1  TExaS_Stop                     
00000367  TExaS_Task0                    
00000373  TExaS_Task1                    
0000037f  TExaS_Task2                    
0000038b  TExaS_Task3                    
00000397  TExaS_Task4                    
00000399  TExaS_Task5                    
000003a5  TExaS_Task6                    
0000033b  UART_InChar                    
000002e1  UART_Init                      
0000034b  UART_OutChar                   
00001393  UsageFault_Handler             
4000480c  WDTCTL_SYM                     
00001393  WDT_A_IRQHandler               
00001347  WaitForInterrupt               
20010000  __STACK_END                    
00000200  __STACK_SIZE                   
000013f8  __TI_CINIT_Base                
00001408  __TI_CINIT_Limit               
000013e0  __TI_Handler_Table_Base        
000013ec  __TI_Handler_Table_Limit       
0000111d  __TI_auto_init                 
20000018  __TI_cleanup_ptr               
0000118d  __TI_decompress_lzss           
00001379  __TI_decompress_none           
2000001c  __TI_dtors_ptr                 
20000020  __TI_enable_exit_profile_output
ffffffff  __TI_pprof_out_hndl            
ffffffff  __TI_prof_data_size            
ffffffff  __TI_prof_data_start           
00000000  __TI_static_base__             
00001395  __TI_zero_init                 
000010a1  __aeabi_memclr                 
000010a1  __aeabi_memclr4                
000010a1  __aeabi_memclr8                
00000f75  __aeabi_memcpy                 
00000f75  __aeabi_memcpy4                
00000f75  __aeabi_memcpy8                
000010a3  __aeabi_memset                 
000010a3  __aeabi_memset4                
000010a3  __aeabi_memset8                
ffffffff  __binit__                      
ffffffff  __c_args__                     
0000111b  __mpu_init                     
2000fe00  __stack                        
0000134d  _args_main                     
000011f5  _c_int00                       
20000030  _lock                          
00001373  _nop                           
0000136b  _register_lock                 
00001365  _register_unlock               
000013a5  _system_post_cinit             
000013a1  _system_pre_init               
20000034  _unlock                        
0000124d  abort                          
ffffffff  binit                          
2000004d  bump_data                      
0000129d  copy_in                        
00000b5d  delay                          
00001255  exit                           
00000000  interruptVectors               
00000f0f  main                           
20000040  main_func_sp                   
00000f75  memcpy                         
000010a9  memset                         
2000004e  reflectance_data               


GLOBAL SYMBOLS: SORTED BY Symbol Address 

address   name                           
-------   ----                           
00000000  __TI_static_base__             
00000000  interruptVectors               
000000e5  LogicAnalyzer                  
000000ef  LogicAnalyzer_P1               
000000fd  LogicAnalyzer_P2               
0000010b  LogicAnalyzer_P2_7654          
0000011b  LogicAnalyzer_P3               
00000129  LogicAnalyzer_P4               
00000137  LogicAnalyzer_P4_765432        
00000147  LogicAnalyzer_P4_765320        
0000017f  LogicAnalyzer_P5               
0000018d  LogicAnalyzer_P6               
0000019b  LogicAnalyzer_P7               
000001a9  LogicAnalyzer_P8               
000001b7  LogicAnalyzer_P9               
000001c5  LogicAnalyzer_P10              
000001d3  Scope                          
00000200  __STACK_SIZE                   
00000257  PeriodicTask2_Init             
000002c1  T32_INT1_IRQHandler            
000002c1  T32_INT1_IRQHandler            
000002d1  PeriodicTask2_Stop             
000002e1  UART_Init                      
0000033b  UART_InChar                    
0000034b  UART_OutChar                   
00000367  TExaS_Task0                    
00000373  TExaS_Task1                    
0000037f  TExaS_Task2                    
0000038b  TExaS_Task3                    
00000397  TExaS_Task4                    
00000399  TExaS_Task5                    
000003a5  TExaS_Task6                    
000003b1  TExaS_Set                      
000003c9  TExaS_Set0                     
000003d5  TExaS_Set1                     
000003e1  TExaS_Set2                     
000003ed  TExaS_Set3                     
000003f9  TExaS_Set4                     
000003fb  TExaS_Set5                     
00000407  TExaS_Set6                     
00000413  TExaS_Clear0                   
0000041f  TExaS_Clear1                   
0000042b  TExaS_Clear2                   
00000437  TExaS_Clear3                   
00000443  TExaS_Clear4                   
00000445  TExaS_Clear5                   
00000451  TExaS_Clear6                   
00000475  ADC_Init                       
00000551  TExaS_Init                     
000006b1  TExaS_Stop                     
00000715  SystemCoreClockUpdate          
00000989  SystemInit                     
00000a41  Clock_Init48MHz                
00000b57  Clock_GetFreq                  
00000b5d  delay                          
00000b6b  Clock_Delay1us                 
00000b95  Clock_Delay1ms                 
00000c21  Reflectance_Init               
00000c31  Port5_Init                     
00000c5b  Port9_Init                     
00000c85  Port7_Init                     
00000c99  Port7_Output_ChargeCap         
00000ca7  Port7_InitToInput              
00000caf  Reflectance_Read               
00000cfd  Reflectance_Center             
00000d27  Reflectance_Position           
00000d97  Reflectance_Start              
00000d99  Reflectance_End                
00000ddd  LaunchPad_Init                 
00000e4d  LaunchPad_Input                
00000e67  LaunchPad_LED                  
00000e85  LaunchPad_Output               
00000ed1  SysTick_Handler                
00000ed1  SysTick_Handler                
00000f0f  main                           
00000f75  __aeabi_memcpy                 
00000f75  __aeabi_memcpy4                
00000f75  __aeabi_memcpy8                
00000f75  memcpy                         
00001011  Bump_Init                      
00001045  Bump_Read                      
000010a1  __aeabi_memclr                 
000010a1  __aeabi_memclr4                
000010a1  __aeabi_memclr8                
000010a3  __aeabi_memset                 
000010a3  __aeabi_memset4                
000010a3  __aeabi_memset8                
000010a9  memset                         
0000111b  __mpu_init                     
0000111d  __TI_auto_init                 
0000118d  __TI_decompress_lzss           
000011f5  _c_int00                       
00001249  C$$EXIT                        
0000124d  abort                          
00001255  exit                           
0000129d  copy_in                        
000012e9  SysTick_Init                   
00001329  DisableInterrupts              
0000132f  EnableInterrupts               
00001335  StartCritical                  
0000133f  EndCritical                    
00001347  WaitForInterrupt               
0000134d  _args_main                     
00001365  _register_unlock               
0000136b  _register_lock                 
00001373  _nop                           
00001379  __TI_decompress_none           
00001387  Reset_Handler                  
00001393  ADC14_IRQHandler               
00001393  AES256_IRQHandler              
00001393  BusFault_Handler               
00001393  COMP_E0_IRQHandler             
00001393  COMP_E1_IRQHandler             
00001393  CS_IRQHandler                  
00001393  DMA_ERR_IRQHandler             
00001393  DMA_INT0_IRQHandler            
00001393  DMA_INT1_IRQHandler            
00001393  DMA_INT2_IRQHandler            
00001393  DMA_INT3_IRQHandler            
00001393  DebugMon_Handler               
00001393  Default_Handler                
00001393  EUSCIA0_IRQHandler             
00001393  EUSCIA1_IRQHandler             
00001393  EUSCIA2_IRQHandler             
00001393  EUSCIA3_IRQHandler             
00001393  EUSCIB0_IRQHandler             
00001393  EUSCIB1_IRQHandler             
00001393  EUSCIB2_IRQHandler             
00001393  EUSCIB3_IRQHandler             
00001393  FLCTL_IRQHandler               
00001393  FPU_IRQHandler                 
00001393  HardFault_Handler              
00001393  MemManage_Handler              
00001393  NMI_Handler                    
00001393  PCM_IRQHandler                 
00001393  PORT1_IRQHandler               
00001393  PORT2_IRQHandler               
00001393  PORT3_IRQHandler               
00001393  PORT4_IRQHandler               
00001393  PORT5_IRQHandler               
00001393  PORT6_IRQHandler               
00001393  PSS_IRQHandler                 
00001393  PendSV_Handler                 
00001393  RTC_C_IRQHandler               
00001393  SVC_Handler                    
00001393  T32_INT2_IRQHandler            
00001393  T32_INTC_IRQHandler            
00001393  TA0_0_IRQHandler               
00001393  TA0_N_IRQHandler               
00001393  TA1_0_IRQHandler               
00001393  TA1_N_IRQHandler               
00001393  TA2_0_IRQHandler               
00001393  TA2_N_IRQHandler               
00001393  TA3_0_IRQHandler               
00001393  TA3_N_IRQHandler               
00001393  UsageFault_Handler             
00001393  WDT_A_IRQHandler               
00001395  __TI_zero_init                 
000013a1  _system_pre_init               
000013a5  _system_post_cinit             
000013e0  __TI_Handler_Table_Base        
000013ec  __TI_Handler_Table_Limit       
000013f8  __TI_CINIT_Base                
00001408  __TI_CINIT_Limit               
20000000  ClockFrequency                 
20000004  Prewait                        
20000008  CPMwait                        
2000000c  Postwait                       
20000010  IFlags                         
20000014  Crystalstable                  
20000018  __TI_cleanup_ptr               
2000001c  __TI_dtors_ptr                 
20000020  __TI_enable_exit_profile_output
20000024  TExaS_ScopeErrLostData         
20000028  TExaS_ScopeErrConflict         
2000002c  TExaS_ScopeWrnReconfig         
20000030  _lock                          
20000034  _unlock                        
20000038  MainCount                      
20000040  main_func_sp                   
20000044  SystemCoreClock                
20000048  PeriodicTask2                  
2000004c  LogicData                      
2000004d  bump_data                      
2000004e  reflectance_data               
2000fe00  __stack                        
20010000  __STACK_END                    
4000480c  WDTCTL_SYM                     
ffffffff  __TI_pprof_out_hndl            
ffffffff  __TI_prof_data_size            
ffffffff  __TI_prof_data_start           
ffffffff  __binit__                      
ffffffff  __c_args__                     
ffffffff  binit                          
UNDEFED   SHT$$INIT_ARRAY$$Base          
UNDEFED   SHT$$INIT_ARRAY$$Limit         

[196 symbols]
