<?xml version="1.0"?>
<link_info>
   <banner>TI ARM Linker PC v16.9.6.LTS</banner>
   <copyright>Copyright (c) 1996-2017 Texas Instruments Incorporated</copyright>
   <link_time>0x6900692b</link_time>
   <link_errors>0x0</link_errors>
   <output_file>Lab3_Bump_Reflectance_Systick.out</output_file>
   <entry_point>
      <name>_c_int00</name>
      <address>0x11f5</address>
   </entry_point>
   <input_file_list>
      <input_file id="fl-2">
         <path>.\</path>
         <kind>object</kind>
         <file>Bump.obj</file>
         <name>Bump.obj</name>
      </input_file>
      <input_file id="fl-3">
         <path>.\</path>
         <kind>object</kind>
         <file>Clock.obj</file>
         <name>Clock.obj</name>
      </input_file>
      <input_file id="fl-4">
         <path>.\</path>
         <kind>object</kind>
         <file>CortexM.obj</file>
         <name>CortexM.obj</name>
      </input_file>
      <input_file id="fl-5">
         <path>.\</path>
         <kind>object</kind>
         <file>Lab3_Sensorsmain.obj</file>
         <name>Lab3_Sensorsmain.obj</name>
      </input_file>
      <input_file id="fl-6">
         <path>.\</path>
         <kind>object</kind>
         <file>LaunchPad.obj</file>
         <name>LaunchPad.obj</name>
      </input_file>
      <input_file id="fl-7">
         <path>.\</path>
         <kind>object</kind>
         <file>Reflectance.obj</file>
         <name>Reflectance.obj</name>
      </input_file>
      <input_file id="fl-8">
         <path>.\</path>
         <kind>object</kind>
         <file>SysTickInts.obj</file>
         <name>SysTickInts.obj</name>
      </input_file>
      <input_file id="fl-9">
         <path>.\</path>
         <kind>object</kind>
         <file>TExaS.obj</file>
         <name>TExaS.obj</name>
      </input_file>
      <input_file id="fl-a">
         <path>.\</path>
         <kind>object</kind>
         <file>startup_msp432p401r_ccs.obj</file>
         <name>startup_msp432p401r_ccs.obj</name>
      </input_file>
      <input_file id="fl-b">
         <path>.\</path>
         <kind>object</kind>
         <file>system_msp432p401r.obj</file>
         <name>system_msp432p401r.obj</name>
      </input_file>
      <input_file id="fl-f">
         <kind>object</kind>
         <file>&lt;internal&gt;</file>
         <name>&lt;internal&gt;</name>
      </input_file>
      <input_file id="fl-c5">
         <path>C:\ti\ccsv7\tools\compiler\ti-cgt-arm_16.9.6.LTS\lib\</path>
         <kind>archive</kind>
         <file>rtsv7M4_T_le_v4SPD16_eabi.lib</file>
         <name>boot.obj</name>
      </input_file>
      <input_file id="fl-c6">
         <path>C:\ti\ccsv7\tools\compiler\ti-cgt-arm_16.9.6.LTS\lib\</path>
         <kind>archive</kind>
         <file>rtsv7M4_T_le_v4SPD16_eabi.lib</file>
         <name>copy_decompress_lzss.obj</name>
      </input_file>
      <input_file id="fl-c7">
         <path>C:\ti\ccsv7\tools\compiler\ti-cgt-arm_16.9.6.LTS\lib\</path>
         <kind>archive</kind>
         <file>rtsv7M4_T_le_v4SPD16_eabi.lib</file>
         <name>copy_decompress_none.obj</name>
      </input_file>
      <input_file id="fl-c8">
         <path>C:\ti\ccsv7\tools\compiler\ti-cgt-arm_16.9.6.LTS\lib\</path>
         <kind>archive</kind>
         <file>rtsv7M4_T_le_v4SPD16_eabi.lib</file>
         <name>copy_zero_init.obj</name>
      </input_file>
      <input_file id="fl-c9">
         <path>C:\ti\ccsv7\tools\compiler\ti-cgt-arm_16.9.6.LTS\lib\</path>
         <kind>archive</kind>
         <file>rtsv7M4_T_le_v4SPD16_eabi.lib</file>
         <name>exit.obj</name>
      </input_file>
      <input_file id="fl-ca">
         <path>C:\ti\ccsv7\tools\compiler\ti-cgt-arm_16.9.6.LTS\lib\</path>
         <kind>archive</kind>
         <file>rtsv7M4_T_le_v4SPD16_eabi.lib</file>
         <name>memcpy_t2.obj</name>
      </input_file>
      <input_file id="fl-cb">
         <path>C:\ti\ccsv7\tools\compiler\ti-cgt-arm_16.9.6.LTS\lib\</path>
         <kind>archive</kind>
         <file>rtsv7M4_T_le_v4SPD16_eabi.lib</file>
         <name>memset_t2.obj</name>
      </input_file>
      <input_file id="fl-cc">
         <path>C:\ti\ccsv7\tools\compiler\ti-cgt-arm_16.9.6.LTS\lib\</path>
         <kind>archive</kind>
         <file>rtsv7M4_T_le_v4SPD16_eabi.lib</file>
         <name>mpu_init.obj</name>
      </input_file>
      <input_file id="fl-cd">
         <path>C:\ti\ccsv7\tools\compiler\ti-cgt-arm_16.9.6.LTS\lib\</path>
         <kind>archive</kind>
         <file>rtsv7M4_T_le_v4SPD16_eabi.lib</file>
         <name>pre_init.obj</name>
      </input_file>
      <input_file id="fl-ce">
         <path>C:\ti\ccsv7\tools\compiler\ti-cgt-arm_16.9.6.LTS\lib\</path>
         <kind>archive</kind>
         <file>rtsv7M4_T_le_v4SPD16_eabi.lib</file>
         <name>stkdepth_vars.obj</name>
      </input_file>
      <input_file id="fl-cf">
         <path>C:\ti\ccsv7\tools\compiler\ti-cgt-arm_16.9.6.LTS\lib\</path>
         <kind>archive</kind>
         <file>rtsv7M4_T_le_v4SPD16_eabi.lib</file>
         <name>_lock.obj</name>
      </input_file>
      <input_file id="fl-d0">
         <path>C:\ti\ccsv7\tools\compiler\ti-cgt-arm_16.9.6.LTS\lib\</path>
         <kind>archive</kind>
         <file>rtsv7M4_T_le_v4SPD16_eabi.lib</file>
         <name>args_main.obj</name>
      </input_file>
      <input_file id="fl-d1">
         <path>C:\ti\ccsv7\tools\compiler\ti-cgt-arm_16.9.6.LTS\lib\</path>
         <kind>archive</kind>
         <file>rtsv7M4_T_le_v4SPD16_eabi.lib</file>
         <name>autoinit.obj</name>
      </input_file>
      <input_file id="fl-d2">
         <path>C:\ti\ccsv7\tools\compiler\ti-cgt-arm_16.9.6.LTS\lib\</path>
         <kind>archive</kind>
         <file>rtsv7M4_T_le_v4SPD16_eabi.lib</file>
         <name>cpy_tbl.obj</name>
      </input_file>
      <input_file id="fl-d3">
         <path>C:\ti\ccsv7\tools\compiler\ti-cgt-arm_16.9.6.LTS\lib\</path>
         <kind>archive</kind>
         <file>rtsv7M4_T_le_v4SPD16_eabi.lib</file>
         <name>startup.obj</name>
      </input_file>
   </input_file_list>
   <object_component_list>
      <object_component id="oc-2c">
         <name>.intvecs:retain</name>
         <load_address>0x0</load_address>
         <run_address>0x0</run_address>
         <size>0xe4</size>
         <input_file_ref idref="fl-a"/>
      </object_component>
      <object_component id="oc-81">
         <name>.text</name>
         <load_address>0xe4</load_address>
         <run_address>0xe4</run_address>
         <size>0x630</size>
         <input_file_ref idref="fl-9"/>
      </object_component>
      <object_component id="oc-bd">
         <name>.text</name>
         <load_address>0x714</load_address>
         <run_address>0x714</run_address>
         <size>0x32c</size>
         <input_file_ref idref="fl-b"/>
      </object_component>
      <object_component id="oc-d0">
         <name>.text</name>
         <load_address>0xa40</load_address>
         <run_address>0xa40</run_address>
         <size>0x1e0</size>
         <input_file_ref idref="fl-3"/>
      </object_component>
      <object_component id="oc-c4">
         <name>.text</name>
         <load_address>0xc20</load_address>
         <run_address>0xc20</run_address>
         <size>0x1bc</size>
         <input_file_ref idref="fl-7"/>
      </object_component>
      <object_component id="oc-d6">
         <name>.text</name>
         <load_address>0xddc</load_address>
         <run_address>0xddc</run_address>
         <size>0xf4</size>
         <input_file_ref idref="fl-6"/>
      </object_component>
      <object_component id="oc-7b">
         <name>.text</name>
         <load_address>0xed0</load_address>
         <run_address>0xed0</run_address>
         <size>0xa4</size>
         <input_file_ref idref="fl-5"/>
      </object_component>
      <object_component id="oc-3b">
         <name>.text</name>
         <load_address>0xf74</load_address>
         <run_address>0xf74</run_address>
         <size>0x9c</size>
         <input_file_ref idref="fl-ca"/>
      </object_component>
      <object_component id="oc-ca">
         <name>.text</name>
         <load_address>0x1010</load_address>
         <run_address>0x1010</run_address>
         <size>0x90</size>
         <input_file_ref idref="fl-2"/>
      </object_component>
      <object_component id="oc-47">
         <name>.text</name>
         <load_address>0x10a0</load_address>
         <run_address>0x10a0</run_address>
         <size>0x7a</size>
         <input_file_ref idref="fl-cb"/>
      </object_component>
      <object_component id="oc-53">
         <name>.text</name>
         <load_address>0x111a</load_address>
         <run_address>0x111a</run_address>
         <size>0x2</size>
         <input_file_ref idref="fl-cc"/>
      </object_component>
      <object_component id="oc-5f">
         <name>.text</name>
         <load_address>0x111c</load_address>
         <run_address>0x111c</run_address>
         <size>0x70</size>
         <input_file_ref idref="fl-d1"/>
      </object_component>
      <object_component id="oc-14">
         <name>.text:decompress:lzss</name>
         <load_address>0x118c</load_address>
         <run_address>0x118c</run_address>
         <size>0x68</size>
         <input_file_ref idref="fl-c6"/>
      </object_component>
      <object_component id="oc-26">
         <name>.text</name>
         <load_address>0x11f4</load_address>
         <run_address>0x11f4</run_address>
         <size>0x54</size>
         <input_file_ref idref="fl-c5"/>
      </object_component>
      <object_component id="oc-6b">
         <name>.text</name>
         <load_address>0x1248</load_address>
         <run_address>0x1248</run_address>
         <size>0x54</size>
         <input_file_ref idref="fl-c9"/>
      </object_component>
      <object_component id="oc-a2">
         <name>.text</name>
         <load_address>0x129c</load_address>
         <run_address>0x129c</run_address>
         <size>0x4c</size>
         <input_file_ref idref="fl-d2"/>
      </object_component>
      <object_component id="oc-dc">
         <name>.text</name>
         <load_address>0x12e8</load_address>
         <run_address>0x12e8</run_address>
         <size>0x40</size>
         <input_file_ref idref="fl-8"/>
      </object_component>
      <object_component id="oc-e2">
         <name>.text</name>
         <load_address>0x1328</load_address>
         <run_address>0x1328</run_address>
         <size>0x24</size>
         <input_file_ref idref="fl-4"/>
      </object_component>
      <object_component id="oc-65">
         <name>.text</name>
         <load_address>0x134c</load_address>
         <run_address>0x134c</run_address>
         <size>0x18</size>
         <input_file_ref idref="fl-d0"/>
      </object_component>
      <object_component id="oc-11e">
         <name>.text</name>
         <load_address>0x1364</load_address>
         <run_address>0x1364</run_address>
         <size>0x14</size>
         <input_file_ref idref="fl-cf"/>
      </object_component>
      <object_component id="oc-1a">
         <name>.text:decompress:none</name>
         <load_address>0x1378</load_address>
         <run_address>0x1378</run_address>
         <size>0xe</size>
         <input_file_ref idref="fl-c7"/>
      </object_component>
      <object_component id="oc-75">
         <name>.text</name>
         <load_address>0x1386</load_address>
         <run_address>0x1386</run_address>
         <size>0xe</size>
         <input_file_ref idref="fl-a"/>
      </object_component>
      <object_component id="oc-20">
         <name>.text:decompress:ZI</name>
         <load_address>0x1394</load_address>
         <run_address>0x1394</run_address>
         <size>0xc</size>
         <input_file_ref idref="fl-c8"/>
      </object_component>
      <object_component id="oc-59">
         <name>.text</name>
         <load_address>0x13a0</load_address>
         <run_address>0x13a0</run_address>
         <size>0x4</size>
         <input_file_ref idref="fl-cd"/>
      </object_component>
      <object_component id="oc-a8">
         <name>.text</name>
         <load_address>0x13a4</load_address>
         <run_address>0x13a4</run_address>
         <size>0x2</size>
         <input_file_ref idref="fl-d3"/>
      </object_component>
      <object_component id="oc-12e">
         <name>.const:$P$T0$1</name>
         <load_address>0x13a8</load_address>
         <run_address>0x13a8</run_address>
         <size>0x20</size>
         <input_file_ref idref="fl-7"/>
      </object_component>
      <object_component id="oc-193">
         <name>.cinit..data.load</name>
         <load_address>0x13c8</load_address>
         <run_address>0x13c8</run_address>
         <size>0x17</size>
      </object_component>
      <object_component id="oc-191">
         <name>__TI_handler_table</name>
         <load_address>0x13e0</load_address>
         <run_address>0x13e0</run_address>
         <size>0xc</size>
      </object_component>
      <object_component id="oc-194">
         <name>.cinit..bss.load</name>
         <load_address>0x13f0</load_address>
         <run_address>0x13f0</run_address>
         <size>0x8</size>
      </object_component>
      <object_component id="oc-192">
         <name>__TI_cinit_table</name>
         <load_address>0x13f8</load_address>
         <run_address>0x13f8</run_address>
         <size>0x10</size>
      </object_component>
      <object_component id="oc-16e">
         <name>.binit</name>
         <load_address>0x0</load_address>
         <run_address>0x0</run_address>
         <size>0x0</size>
      </object_component>
      <object_component id="oc-134">
         <name>.data</name>
         <load_address>0x20000000</load_address>
         <run_address>0x20000000</run_address>
         <size>0x18</size>
         <input_file_ref idref="fl-3"/>
      </object_component>
      <object_component id="oc-e8">
         <name>.data</name>
         <load_address>0x20000038</load_address>
         <run_address>0x20000038</run_address>
         <size>0x5</size>
         <input_file_ref idref="fl-5"/>
      </object_component>
      <object_component id="oc-f3">
         <name>.data</name>
         <load_address>0x20000024</load_address>
         <run_address>0x20000024</run_address>
         <size>0xc</size>
         <input_file_ref idref="fl-9"/>
      </object_component>
      <object_component id="oc-12a">
         <name>.data</name>
         <load_address>0x20000044</load_address>
         <run_address>0x20000044</run_address>
         <size>0x4</size>
         <input_file_ref idref="fl-b"/>
      </object_component>
      <object_component id="oc-b2">
         <name>.data:$O1$$</name>
         <load_address>0x20000018</load_address>
         <run_address>0x20000018</run_address>
         <size>0xc</size>
         <input_file_ref idref="fl-c9"/>
      </object_component>
      <object_component id="oc-71">
         <name>.data</name>
         <load_address>0x20000040</load_address>
         <run_address>0x20000040</run_address>
         <size>0x4</size>
         <input_file_ref idref="fl-ce"/>
      </object_component>
      <object_component id="oc-b5">
         <name>.data:$O1$$</name>
         <load_address>0x20000030</load_address>
         <run_address>0x20000030</run_address>
         <size>0x8</size>
         <input_file_ref idref="fl-cf"/>
      </object_component>
      <object_component id="oc-eb">
         <name>.common:reflectance_data</name>
         <uninitialized>true</uninitialized>
         <run_address>0x2000004e</run_address>
         <size>0x1</size>
      </object_component>
      <object_component id="oc-ee">
         <name>.common:bump_data</name>
         <uninitialized>true</uninitialized>
         <run_address>0x2000004d</run_address>
         <size>0x1</size>
      </object_component>
      <object_component id="oc-f0">
         <name>.common:LogicData</name>
         <uninitialized>true</uninitialized>
         <run_address>0x2000004c</run_address>
         <size>0x1</size>
      </object_component>
      <object_component id="oc-f6">
         <name>.common:PeriodicTask2</name>
         <uninitialized>true</uninitialized>
         <run_address>0x20000048</run_address>
         <size>0x4</size>
      </object_component>
      <object_component id="oc-2f">
         <name>.stack</name>
         <uninitialized>true</uninitialized>
         <run_address>0x2000fe00</run_address>
         <size>0x0</size>
         <input_file_ref idref="fl-c5"/>
      </object_component>
      <object_component id="oc-195">
         <name>.stack</name>
         <uninitialized>true</uninitialized>
         <run_address>0x2000fe00</run_address>
         <size>0x0</size>
      </object_component>
      <object_component id="oc-169">
         <name>.debug_info</name>
         <load_address>0x0</load_address>
         <run_address>0x0</run_address>
         <size>0x55a</size>
         <input_file_ref idref="fl-2"/>
      </object_component>
      <object_component id="oc-cb">
         <name>.debug_info</name>
         <load_address>0x55a</load_address>
         <run_address>0x55a</run_address>
         <size>0x25e</size>
         <input_file_ref idref="fl-2"/>
      </object_component>
      <object_component id="oc-13f">
         <name>.debug_info</name>
         <load_address>0x7b8</load_address>
         <run_address>0x7b8</run_address>
         <size>0x37e2</size>
         <input_file_ref idref="fl-2"/>
      </object_component>
      <object_component id="oc-144">
         <name>.debug_info</name>
         <load_address>0x3f9a</load_address>
         <run_address>0x3f9a</run_address>
         <size>0x1055</size>
         <input_file_ref idref="fl-2"/>
      </object_component>
      <object_component id="oc-36">
         <name>.debug_info</name>
         <load_address>0x4fef</load_address>
         <run_address>0x4fef</run_address>
         <size>0x84</size>
         <input_file_ref idref="fl-2"/>
      </object_component>
      <object_component id="oc-f8">
         <name>.debug_info</name>
         <load_address>0x5073</load_address>
         <run_address>0x5073</run_address>
         <size>0x18b</size>
         <input_file_ref idref="fl-2"/>
      </object_component>
      <object_component id="oc-135">
         <name>.debug_info</name>
         <load_address>0x51fe</load_address>
         <run_address>0x51fe</run_address>
         <size>0x1c9</size>
         <input_file_ref idref="fl-3"/>
      </object_component>
      <object_component id="oc-d3">
         <name>.debug_info</name>
         <load_address>0x53c7</load_address>
         <run_address>0x53c7</run_address>
         <size>0x49b</size>
         <input_file_ref idref="fl-3"/>
      </object_component>
      <object_component id="oc-e5">
         <name>.debug_info</name>
         <load_address>0x5862</load_address>
         <run_address>0x5862</run_address>
         <size>0x45c</size>
         <input_file_ref idref="fl-4"/>
      </object_component>
      <object_component id="oc-ec">
         <name>.debug_info</name>
         <load_address>0x5cbe</load_address>
         <run_address>0x5cbe</run_address>
         <size>0x732</size>
         <input_file_ref idref="fl-5"/>
      </object_component>
      <object_component id="oc-e9">
         <name>.debug_info</name>
         <load_address>0x63f0</load_address>
         <run_address>0x63f0</run_address>
         <size>0xf8</size>
         <input_file_ref idref="fl-5"/>
      </object_component>
      <object_component id="oc-7c">
         <name>.debug_info</name>
         <load_address>0x64e8</load_address>
         <run_address>0x64e8</run_address>
         <size>0x292</size>
         <input_file_ref idref="fl-5"/>
      </object_component>
      <object_component id="oc-fd">
         <name>.debug_info</name>
         <load_address>0x677a</load_address>
         <run_address>0x677a</run_address>
         <size>0xb4</size>
         <input_file_ref idref="fl-5"/>
      </object_component>
      <object_component id="oc-d8">
         <name>.debug_info</name>
         <load_address>0x682e</load_address>
         <run_address>0x682e</run_address>
         <size>0x40b</size>
         <input_file_ref idref="fl-6"/>
      </object_component>
      <object_component id="oc-132">
         <name>.debug_info</name>
         <load_address>0x6c39</load_address>
         <run_address>0x6c39</run_address>
         <size>0x5b0</size>
         <input_file_ref idref="fl-7"/>
      </object_component>
      <object_component id="oc-12f">
         <name>.debug_info</name>
         <load_address>0x71e9</load_address>
         <run_address>0x71e9</run_address>
         <size>0x119</size>
         <input_file_ref idref="fl-7"/>
      </object_component>
      <object_component id="oc-c5">
         <name>.debug_info</name>
         <load_address>0x7302</load_address>
         <run_address>0x7302</run_address>
         <size>0xa9b</size>
         <input_file_ref idref="fl-7"/>
      </object_component>
      <object_component id="oc-162">
         <name>.debug_info</name>
         <load_address>0x7d9d</load_address>
         <run_address>0x7d9d</run_address>
         <size>0x37e2</size>
         <input_file_ref idref="fl-7"/>
      </object_component>
      <object_component id="oc-de">
         <name>.debug_info</name>
         <load_address>0xb57f</load_address>
         <run_address>0xb57f</run_address>
         <size>0x210</size>
         <input_file_ref idref="fl-8"/>
      </object_component>
      <object_component id="oc-f1">
         <name>.debug_info</name>
         <load_address>0xb78f</load_address>
         <run_address>0xb78f</run_address>
         <size>0x5b6</size>
         <input_file_ref idref="fl-9"/>
      </object_component>
      <object_component id="oc-f4">
         <name>.debug_info</name>
         <load_address>0xbd45</load_address>
         <run_address>0xbd45</run_address>
         <size>0x1ac</size>
         <input_file_ref idref="fl-9"/>
      </object_component>
      <object_component id="oc-84">
         <name>.debug_info</name>
         <load_address>0xbef1</load_address>
         <run_address>0xbef1</run_address>
         <size>0x21a5</size>
         <input_file_ref idref="fl-9"/>
      </object_component>
      <object_component id="oc-89">
         <name>.debug_info</name>
         <load_address>0xe096</load_address>
         <run_address>0xe096</run_address>
         <size>0x2cf</size>
         <input_file_ref idref="fl-a"/>
      </object_component>
      <object_component id="oc-2d">
         <name>.debug_info</name>
         <load_address>0xe365</load_address>
         <run_address>0xe365</run_address>
         <size>0x10d</size>
         <input_file_ref idref="fl-a"/>
      </object_component>
      <object_component id="oc-76">
         <name>.debug_info</name>
         <load_address>0xe472</load_address>
         <run_address>0xe472</run_address>
         <size>0x1d4</size>
         <input_file_ref idref="fl-a"/>
      </object_component>
      <object_component id="oc-12b">
         <name>.debug_info</name>
         <load_address>0xe646</load_address>
         <run_address>0xe646</run_address>
         <size>0x106</size>
         <input_file_ref idref="fl-b"/>
      </object_component>
      <object_component id="oc-be">
         <name>.debug_info</name>
         <load_address>0xe74c</load_address>
         <run_address>0xe74c</run_address>
         <size>0x278</size>
         <input_file_ref idref="fl-b"/>
      </object_component>
      <object_component id="oc-27">
         <name>.debug_info</name>
         <load_address>0xe9c4</load_address>
         <run_address>0xe9c4</run_address>
         <size>0x160</size>
         <input_file_ref idref="fl-c5"/>
      </object_component>
      <object_component id="oc-8f">
         <name>.debug_info</name>
         <load_address>0xeb24</load_address>
         <run_address>0xeb24</run_address>
         <size>0x293</size>
         <input_file_ref idref="fl-c6"/>
      </object_component>
      <object_component id="oc-16">
         <name>.debug_info</name>
         <load_address>0xedb7</load_address>
         <run_address>0xedb7</run_address>
         <size>0x245</size>
         <input_file_ref idref="fl-c6"/>
      </object_component>
      <object_component id="oc-31">
         <name>.debug_info</name>
         <load_address>0xeffc</load_address>
         <run_address>0xeffc</run_address>
         <size>0x60</size>
         <input_file_ref idref="fl-c6"/>
      </object_component>
      <object_component id="oc-8a">
         <name>.debug_info</name>
         <load_address>0xf05c</load_address>
         <run_address>0xf05c</run_address>
         <size>0x46</size>
         <input_file_ref idref="fl-c6"/>
      </object_component>
      <object_component id="oc-46">
         <name>.debug_info</name>
         <load_address>0xf0a2</load_address>
         <run_address>0xf0a2</run_address>
         <size>0x2da</size>
         <input_file_ref idref="fl-c7"/>
      </object_component>
      <object_component id="oc-1d">
         <name>.debug_info</name>
         <load_address>0xf37c</load_address>
         <run_address>0xf37c</run_address>
         <size>0x1df</size>
         <input_file_ref idref="fl-c7"/>
      </object_component>
      <object_component id="oc-41">
         <name>.debug_info</name>
         <load_address>0xf55b</load_address>
         <run_address>0xf55b</run_address>
         <size>0x46</size>
         <input_file_ref idref="fl-c7"/>
      </object_component>
      <object_component id="oc-91">
         <name>.debug_info</name>
         <load_address>0xf5a1</load_address>
         <run_address>0xf5a1</run_address>
         <size>0x2c</size>
         <input_file_ref idref="fl-c7"/>
      </object_component>
      <object_component id="oc-52">
         <name>.debug_info</name>
         <load_address>0xf5cd</load_address>
         <run_address>0xf5cd</run_address>
         <size>0x2c9</size>
         <input_file_ref idref="fl-c8"/>
      </object_component>
      <object_component id="oc-22">
         <name>.debug_info</name>
         <load_address>0xf896</load_address>
         <run_address>0xf896</run_address>
         <size>0x1aa</size>
         <input_file_ref idref="fl-c8"/>
      </object_component>
      <object_component id="oc-4d">
         <name>.debug_info</name>
         <load_address>0xfa40</load_address>
         <run_address>0xfa40</run_address>
         <size>0x46</size>
         <input_file_ref idref="fl-c8"/>
      </object_component>
      <object_component id="oc-99">
         <name>.debug_info</name>
         <load_address>0xfa86</load_address>
         <run_address>0xfa86</run_address>
         <size>0x2c</size>
         <input_file_ref idref="fl-c8"/>
      </object_component>
      <object_component id="oc-b9">
         <name>.debug_info</name>
         <load_address>0xfab2</load_address>
         <run_address>0xfab2</run_address>
         <size>0x3ce</size>
         <input_file_ref idref="fl-c9"/>
      </object_component>
      <object_component id="oc-b3">
         <name>.debug_info</name>
         <load_address>0xfe80</load_address>
         <run_address>0xfe80</run_address>
         <size>0x185</size>
         <input_file_ref idref="fl-c9"/>
      </object_component>
      <object_component id="oc-6c">
         <name>.debug_info</name>
         <load_address>0x10005</load_address>
         <run_address>0x10005</run_address>
         <size>0x214</size>
         <input_file_ref idref="fl-c9"/>
      </object_component>
      <object_component id="oc-3d">
         <name>.debug_info</name>
         <load_address>0x10219</load_address>
         <run_address>0x10219</run_address>
         <size>0x111</size>
         <input_file_ref idref="fl-ca"/>
      </object_component>
      <object_component id="oc-49">
         <name>.debug_info</name>
         <load_address>0x1032a</load_address>
         <run_address>0x1032a</run_address>
         <size>0x13f</size>
         <input_file_ref idref="fl-cb"/>
      </object_component>
      <object_component id="oc-54">
         <name>.debug_info</name>
         <load_address>0x10469</load_address>
         <run_address>0x10469</run_address>
         <size>0x138</size>
         <input_file_ref idref="fl-cc"/>
      </object_component>
      <object_component id="oc-5c">
         <name>.debug_info</name>
         <load_address>0x105a1</load_address>
         <run_address>0x105a1</run_address>
         <size>0x148</size>
         <input_file_ref idref="fl-cd"/>
      </object_component>
      <object_component id="oc-72">
         <name>.debug_info</name>
         <load_address>0x106e9</load_address>
         <run_address>0x106e9</run_address>
         <size>0x109</size>
         <input_file_ref idref="fl-ce"/>
      </object_component>
      <object_component id="oc-126">
         <name>.debug_info</name>
         <load_address>0x107f2</load_address>
         <run_address>0x107f2</run_address>
         <size>0x2be</size>
         <input_file_ref idref="fl-cf"/>
      </object_component>
      <object_component id="oc-b6">
         <name>.debug_info</name>
         <load_address>0x10ab0</load_address>
         <run_address>0x10ab0</run_address>
         <size>0x113</size>
         <input_file_ref idref="fl-cf"/>
      </object_component>
      <object_component id="oc-121">
         <name>.debug_info</name>
         <load_address>0x10bc3</load_address>
         <run_address>0x10bc3</run_address>
         <size>0x21f</size>
         <input_file_ref idref="fl-cf"/>
      </object_component>
      <object_component id="oc-b1">
         <name>.debug_info</name>
         <load_address>0x10de2</load_address>
         <run_address>0x10de2</run_address>
         <size>0x300</size>
         <input_file_ref idref="fl-d0"/>
      </object_component>
      <object_component id="oc-69">
         <name>.debug_info</name>
         <load_address>0x110e2</load_address>
         <run_address>0x110e2</run_address>
         <size>0x167</size>
         <input_file_ref idref="fl-d0"/>
      </object_component>
      <object_component id="oc-117">
         <name>.debug_info</name>
         <load_address>0x11249</load_address>
         <run_address>0x11249</run_address>
         <size>0x5e</size>
         <input_file_ref idref="fl-d0"/>
      </object_component>
      <object_component id="oc-af">
         <name>.debug_info</name>
         <load_address>0x112a7</load_address>
         <run_address>0x112a7</run_address>
         <size>0x483</size>
         <input_file_ref idref="fl-d1"/>
      </object_component>
      <object_component id="oc-62">
         <name>.debug_info</name>
         <load_address>0x1172a</load_address>
         <run_address>0x1172a</run_address>
         <size>0x190</size>
         <input_file_ref idref="fl-d1"/>
      </object_component>
      <object_component id="oc-10b">
         <name>.debug_info</name>
         <load_address>0x118ba</load_address>
         <run_address>0x118ba</run_address>
         <size>0x39</size>
         <input_file_ref idref="fl-d1"/>
      </object_component>
      <object_component id="oc-154">
         <name>.debug_info</name>
         <load_address>0x118f3</load_address>
         <run_address>0x118f3</run_address>
         <size>0x39</size>
         <input_file_ref idref="fl-d1"/>
      </object_component>
      <object_component id="oc-110">
         <name>.debug_info</name>
         <load_address>0x1192c</load_address>
         <run_address>0x1192c</run_address>
         <size>0xcd</size>
         <input_file_ref idref="fl-d1"/>
      </object_component>
      <object_component id="oc-107">
         <name>.debug_info</name>
         <load_address>0x119f9</load_address>
         <run_address>0x119f9</run_address>
         <size>0x37a</size>
         <input_file_ref idref="fl-d2"/>
      </object_component>
      <object_component id="oc-a4">
         <name>.debug_info</name>
         <load_address>0x11d73</load_address>
         <run_address>0x11d73</run_address>
         <size>0x183</size>
         <input_file_ref idref="fl-d2"/>
      </object_component>
      <object_component id="oc-14f">
         <name>.debug_info</name>
         <load_address>0x11ef6</load_address>
         <run_address>0x11ef6</run_address>
         <size>0x2c</size>
         <input_file_ref idref="fl-d2"/>
      </object_component>
      <object_component id="oc-a9">
         <name>.debug_info</name>
         <load_address>0x11f22</load_address>
         <run_address>0x11f22</run_address>
         <size>0x145</size>
         <input_file_ref idref="fl-d3"/>
      </object_component>
      <object_component id="oc-196">
         <name>.debug_info</name>
         <load_address>0x12067</load_address>
         <run_address>0x12067</run_address>
         <size>0xbc</size>
      </object_component>
      <object_component id="oc-16b">
         <name>.debug_line</name>
         <load_address>0x0</load_address>
         <run_address>0x0</run_address>
         <size>0x20</size>
         <input_file_ref idref="fl-2"/>
      </object_component>
      <object_component id="oc-ce">
         <name>.debug_line</name>
         <load_address>0x20</load_address>
         <run_address>0x20</run_address>
         <size>0x95</size>
         <input_file_ref idref="fl-2"/>
      </object_component>
      <object_component id="oc-142">
         <name>.debug_line</name>
         <load_address>0xb5</load_address>
         <run_address>0xb5</run_address>
         <size>0x52</size>
         <input_file_ref idref="fl-2"/>
      </object_component>
      <object_component id="oc-147">
         <name>.debug_line</name>
         <load_address>0x107</load_address>
         <run_address>0x107</run_address>
         <size>0x55</size>
         <input_file_ref idref="fl-2"/>
      </object_component>
      <object_component id="oc-39">
         <name>.debug_line</name>
         <load_address>0x15c</load_address>
         <run_address>0x15c</run_address>
         <size>0x20</size>
         <input_file_ref idref="fl-2"/>
      </object_component>
      <object_component id="oc-fb">
         <name>.debug_line</name>
         <load_address>0x17c</load_address>
         <run_address>0x17c</run_address>
         <size>0x65</size>
         <input_file_ref idref="fl-2"/>
      </object_component>
      <object_component id="oc-168">
         <name>.debug_line</name>
         <load_address>0x1e1</load_address>
         <run_address>0x1e1</run_address>
         <size>0x59</size>
         <input_file_ref idref="fl-3"/>
      </object_component>
      <object_component id="oc-d2">
         <name>.debug_line</name>
         <load_address>0x23a</load_address>
         <run_address>0x23a</run_address>
         <size>0x126</size>
         <input_file_ref idref="fl-3"/>
      </object_component>
      <object_component id="oc-e7">
         <name>.debug_line</name>
         <load_address>0x360</load_address>
         <run_address>0x360</run_address>
         <size>0xdd</size>
         <input_file_ref idref="fl-4"/>
      </object_component>
      <object_component id="oc-13e">
         <name>.debug_line</name>
         <load_address>0x43d</load_address>
         <run_address>0x43d</run_address>
         <size>0xdd</size>
         <input_file_ref idref="fl-5"/>
      </object_component>
      <object_component id="oc-13c">
         <name>.debug_line</name>
         <load_address>0x51a</load_address>
         <run_address>0x51a</run_address>
         <size>0x39</size>
         <input_file_ref idref="fl-5"/>
      </object_component>
      <object_component id="oc-80">
         <name>.debug_line</name>
         <load_address>0x553</load_address>
         <run_address>0x553</run_address>
         <size>0x93</size>
         <input_file_ref idref="fl-5"/>
      </object_component>
      <object_component id="oc-100">
         <name>.debug_line</name>
         <load_address>0x5e6</load_address>
         <run_address>0x5e6</run_address>
         <size>0x35</size>
         <input_file_ref idref="fl-5"/>
      </object_component>
      <object_component id="oc-db">
         <name>.debug_line</name>
         <load_address>0x61b</load_address>
         <run_address>0x61b</run_address>
         <size>0xcf</size>
         <input_file_ref idref="fl-6"/>
      </object_component>
      <object_component id="oc-161">
         <name>.debug_line</name>
         <load_address>0x6ea</load_address>
         <run_address>0x6ea</run_address>
         <size>0x60</size>
         <input_file_ref idref="fl-7"/>
      </object_component>
      <object_component id="oc-15f">
         <name>.debug_line</name>
         <load_address>0x74a</load_address>
         <run_address>0x74a</run_address>
         <size>0x5f</size>
         <input_file_ref idref="fl-7"/>
      </object_component>
      <object_component id="oc-c9">
         <name>.debug_line</name>
         <load_address>0x7a9</load_address>
         <run_address>0x7a9</run_address>
         <size>0x1b9</size>
         <input_file_ref idref="fl-7"/>
      </object_component>
      <object_component id="oc-165">
         <name>.debug_line</name>
         <load_address>0x962</load_address>
         <run_address>0x962</run_address>
         <size>0x52</size>
         <input_file_ref idref="fl-7"/>
      </object_component>
      <object_component id="oc-e1">
         <name>.debug_line</name>
         <load_address>0x9b4</load_address>
         <run_address>0x9b4</run_address>
         <size>0x7a</size>
         <input_file_ref idref="fl-8"/>
      </object_component>
      <object_component id="oc-14a">
         <name>.debug_line</name>
         <load_address>0xa2e</load_address>
         <run_address>0xa2e</run_address>
         <size>0x59</size>
         <input_file_ref idref="fl-9"/>
      </object_component>
      <object_component id="oc-14c">
         <name>.debug_line</name>
         <load_address>0xa87</load_address>
         <run_address>0xa87</run_address>
         <size>0x59</size>
         <input_file_ref idref="fl-9"/>
      </object_component>
      <object_component id="oc-83">
         <name>.debug_line</name>
         <load_address>0xae0</load_address>
         <run_address>0xae0</run_address>
         <size>0x601</size>
         <input_file_ref idref="fl-9"/>
      </object_component>
      <object_component id="oc-103">
         <name>.debug_line</name>
         <load_address>0x10e1</load_address>
         <run_address>0x10e1</run_address>
         <size>0x40</size>
         <input_file_ref idref="fl-a"/>
      </object_component>
      <object_component id="oc-88">
         <name>.debug_line</name>
         <load_address>0x1121</load_address>
         <run_address>0x1121</run_address>
         <size>0x40</size>
         <input_file_ref idref="fl-a"/>
      </object_component>
      <object_component id="oc-7a">
         <name>.debug_line</name>
         <load_address>0x1161</load_address>
         <run_address>0x1161</run_address>
         <size>0x71</size>
         <input_file_ref idref="fl-a"/>
      </object_component>
      <object_component id="oc-15d">
         <name>.debug_line</name>
         <load_address>0x11d2</load_address>
         <run_address>0x11d2</run_address>
         <size>0x3b</size>
         <input_file_ref idref="fl-b"/>
      </object_component>
      <object_component id="oc-c2">
         <name>.debug_line</name>
         <load_address>0x120d</load_address>
         <run_address>0x120d</run_address>
         <size>0x146</size>
         <input_file_ref idref="fl-b"/>
      </object_component>
      <object_component id="oc-2a">
         <name>.debug_line</name>
         <load_address>0x1353</load_address>
         <run_address>0x1353</run_address>
         <size>0x53</size>
         <input_file_ref idref="fl-c5"/>
      </object_component>
      <object_component id="oc-105">
         <name>.debug_line</name>
         <load_address>0x13a6</load_address>
         <run_address>0x13a6</run_address>
         <size>0x20</size>
         <input_file_ref idref="fl-c6"/>
      </object_component>
      <object_component id="oc-19">
         <name>.debug_line</name>
         <load_address>0x13c6</load_address>
         <run_address>0x13c6</run_address>
         <size>0xa9</size>
         <input_file_ref idref="fl-c6"/>
      </object_component>
      <object_component id="oc-34">
         <name>.debug_line</name>
         <load_address>0x146f</load_address>
         <run_address>0x146f</run_address>
         <size>0x3a</size>
         <input_file_ref idref="fl-c6"/>
      </object_component>
      <object_component id="oc-8d">
         <name>.debug_line</name>
         <load_address>0x14a9</load_address>
         <run_address>0x14a9</run_address>
         <size>0x8a</size>
         <input_file_ref idref="fl-c6"/>
      </object_component>
      <object_component id="oc-97">
         <name>.debug_line</name>
         <load_address>0x1533</load_address>
         <run_address>0x1533</run_address>
         <size>0x8a</size>
         <input_file_ref idref="fl-c7"/>
      </object_component>
      <object_component id="oc-1c">
         <name>.debug_line</name>
         <load_address>0x15bd</load_address>
         <run_address>0x15bd</run_address>
         <size>0x55</size>
         <input_file_ref idref="fl-c7"/>
      </object_component>
      <object_component id="oc-44">
         <name>.debug_line</name>
         <load_address>0x1612</load_address>
         <run_address>0x1612</run_address>
         <size>0x3a</size>
         <input_file_ref idref="fl-c7"/>
      </object_component>
      <object_component id="oc-94">
         <name>.debug_line</name>
         <load_address>0x164c</load_address>
         <run_address>0x164c</run_address>
         <size>0x8a</size>
         <input_file_ref idref="fl-c7"/>
      </object_component>
      <object_component id="oc-9f">
         <name>.debug_line</name>
         <load_address>0x16d6</load_address>
         <run_address>0x16d6</run_address>
         <size>0x8a</size>
         <input_file_ref idref="fl-c8"/>
      </object_component>
      <object_component id="oc-21">
         <name>.debug_line</name>
         <load_address>0x1760</load_address>
         <run_address>0x1760</run_address>
         <size>0x4f</size>
         <input_file_ref idref="fl-c8"/>
      </object_component>
      <object_component id="oc-50">
         <name>.debug_line</name>
         <load_address>0x17af</load_address>
         <run_address>0x17af</run_address>
         <size>0x34</size>
         <input_file_ref idref="fl-c8"/>
      </object_component>
      <object_component id="oc-9c">
         <name>.debug_line</name>
         <load_address>0x17e3</load_address>
         <run_address>0x17e3</run_address>
         <size>0x8a</size>
         <input_file_ref idref="fl-c8"/>
      </object_component>
      <object_component id="oc-129">
         <name>.debug_line</name>
         <load_address>0x186d</load_address>
         <run_address>0x186d</run_address>
         <size>0xf2</size>
         <input_file_ref idref="fl-c9"/>
      </object_component>
      <object_component id="oc-11d">
         <name>.debug_line</name>
         <load_address>0x195f</load_address>
         <run_address>0x195f</run_address>
         <size>0x2a</size>
         <input_file_ref idref="fl-c9"/>
      </object_component>
      <object_component id="oc-70">
         <name>.debug_line</name>
         <load_address>0x1989</load_address>
         <run_address>0x1989</run_address>
         <size>0x86</size>
         <input_file_ref idref="fl-c9"/>
      </object_component>
      <object_component id="oc-3c">
         <name>.debug_line</name>
         <load_address>0x1a0f</load_address>
         <run_address>0x1a0f</run_address>
         <size>0x88</size>
         <input_file_ref idref="fl-ca"/>
      </object_component>
      <object_component id="oc-48">
         <name>.debug_line</name>
         <load_address>0x1a97</load_address>
         <run_address>0x1a97</run_address>
         <size>0x79</size>
         <input_file_ref idref="fl-cb"/>
      </object_component>
      <object_component id="oc-58">
         <name>.debug_line</name>
         <load_address>0x1b10</load_address>
         <run_address>0x1b10</run_address>
         <size>0x3d</size>
         <input_file_ref idref="fl-cc"/>
      </object_component>
      <object_component id="oc-5e">
         <name>.debug_line</name>
         <load_address>0x1b4d</load_address>
         <run_address>0x1b4d</run_address>
         <size>0x40</size>
         <input_file_ref idref="fl-cd"/>
      </object_component>
      <object_component id="oc-bc">
         <name>.debug_line</name>
         <load_address>0x1b8d</load_address>
         <run_address>0x1b8d</run_address>
         <size>0x33</size>
         <input_file_ref idref="fl-ce"/>
      </object_component>
      <object_component id="oc-15b">
         <name>.debug_line</name>
         <load_address>0x1bc0</load_address>
         <run_address>0x1bc0</run_address>
         <size>0x20</size>
         <input_file_ref idref="fl-cf"/>
      </object_component>
      <object_component id="oc-125">
         <name>.debug_line</name>
         <load_address>0x1be0</load_address>
         <run_address>0x1be0</run_address>
         <size>0x2b</size>
         <input_file_ref idref="fl-cf"/>
      </object_component>
      <object_component id="oc-120">
         <name>.debug_line</name>
         <load_address>0x1c0b</load_address>
         <run_address>0x1c0b</run_address>
         <size>0x68</size>
         <input_file_ref idref="fl-cf"/>
      </object_component>
      <object_component id="oc-116">
         <name>.debug_line</name>
         <load_address>0x1c73</load_address>
         <run_address>0x1c73</run_address>
         <size>0x2b</size>
         <input_file_ref idref="fl-d0"/>
      </object_component>
      <object_component id="oc-66">
         <name>.debug_line</name>
         <load_address>0x1c9e</load_address>
         <run_address>0x1c9e</run_address>
         <size>0x4a</size>
         <input_file_ref idref="fl-d0"/>
      </object_component>
      <object_component id="oc-11a">
         <name>.debug_line</name>
         <load_address>0x1ce8</load_address>
         <run_address>0x1ce8</run_address>
         <size>0x2b</size>
         <input_file_ref idref="fl-d0"/>
      </object_component>
      <object_component id="oc-10a">
         <name>.debug_line</name>
         <load_address>0x1d13</load_address>
         <run_address>0x1d13</run_address>
         <size>0xa9</size>
         <input_file_ref idref="fl-d1"/>
      </object_component>
      <object_component id="oc-64">
         <name>.debug_line</name>
         <load_address>0x1dbc</load_address>
         <run_address>0x1dbc</run_address>
         <size>0x8b</size>
         <input_file_ref idref="fl-d1"/>
      </object_component>
      <object_component id="oc-10e">
         <name>.debug_line</name>
         <load_address>0x1e47</load_address>
         <run_address>0x1e47</run_address>
         <size>0x2e</size>
         <input_file_ref idref="fl-d1"/>
      </object_component>
      <object_component id="oc-157">
         <name>.debug_line</name>
         <load_address>0x1e75</load_address>
         <run_address>0x1e75</run_address>
         <size>0x8a</size>
         <input_file_ref idref="fl-d1"/>
      </object_component>
      <object_component id="oc-113">
         <name>.debug_line</name>
         <load_address>0x1eff</load_address>
         <run_address>0x1eff</run_address>
         <size>0x8b</size>
         <input_file_ref idref="fl-d1"/>
      </object_component>
      <object_component id="oc-14e">
         <name>.debug_line</name>
         <load_address>0x1f8a</load_address>
         <run_address>0x1f8a</run_address>
         <size>0x98</size>
         <input_file_ref idref="fl-d2"/>
      </object_component>
      <object_component id="oc-a3">
         <name>.debug_line</name>
         <load_address>0x2022</load_address>
         <run_address>0x2022</run_address>
         <size>0x68</size>
         <input_file_ref idref="fl-d2"/>
      </object_component>
      <object_component id="oc-152">
         <name>.debug_line</name>
         <load_address>0x208a</load_address>
         <run_address>0x208a</run_address>
         <size>0x2e</size>
         <input_file_ref idref="fl-d2"/>
      </object_component>
      <object_component id="oc-ac">
         <name>.debug_line</name>
         <load_address>0x20b8</load_address>
         <run_address>0x20b8</run_address>
         <size>0x3c</size>
         <input_file_ref idref="fl-d3"/>
      </object_component>
      <object_component id="oc-cf">
         <name>.debug_frame</name>
         <load_address>0x0</load_address>
         <run_address>0x0</run_address>
         <size>0x6c</size>
         <input_file_ref idref="fl-2"/>
      </object_component>
      <object_component id="oc-d1">
         <name>.debug_frame</name>
         <load_address>0x6c</load_address>
         <run_address>0x6c</run_address>
         <size>0xb0</size>
         <input_file_ref idref="fl-3"/>
      </object_component>
      <object_component id="oc-e4">
         <name>.debug_frame</name>
         <load_address>0x11c</load_address>
         <run_address>0x11c</run_address>
         <size>0xa4</size>
         <input_file_ref idref="fl-4"/>
      </object_component>
      <object_component id="oc-7f">
         <name>.debug_frame</name>
         <load_address>0x1c0</load_address>
         <run_address>0x1c0</run_address>
         <size>0x70</size>
         <input_file_ref idref="fl-5"/>
      </object_component>
      <object_component id="oc-d7">
         <name>.debug_frame</name>
         <load_address>0x230</load_address>
         <run_address>0x230</run_address>
         <size>0x98</size>
         <input_file_ref idref="fl-6"/>
      </object_component>
      <object_component id="oc-c8">
         <name>.debug_frame</name>
         <load_address>0x2c8</load_address>
         <run_address>0x2c8</run_address>
         <size>0x140</size>
         <input_file_ref idref="fl-7"/>
      </object_component>
      <object_component id="oc-dd">
         <name>.debug_frame</name>
         <load_address>0x408</load_address>
         <run_address>0x408</run_address>
         <size>0x58</size>
         <input_file_ref idref="fl-8"/>
      </object_component>
      <object_component id="oc-86">
         <name>.debug_frame</name>
         <load_address>0x460</load_address>
         <run_address>0x460</run_address>
         <size>0x3f8</size>
         <input_file_ref idref="fl-9"/>
      </object_component>
      <object_component id="oc-79">
         <name>.debug_frame</name>
         <load_address>0x858</load_address>
         <run_address>0x858</run_address>
         <size>0x6c</size>
         <input_file_ref idref="fl-a"/>
      </object_component>
      <object_component id="oc-c1">
         <name>.debug_frame</name>
         <load_address>0x8c4</load_address>
         <run_address>0x8c4</run_address>
         <size>0x70</size>
         <input_file_ref idref="fl-b"/>
      </object_component>
      <object_component id="oc-15">
         <name>.debug_frame</name>
         <load_address>0x934</load_address>
         <run_address>0x934</run_address>
         <size>0x60</size>
         <input_file_ref idref="fl-c6"/>
      </object_component>
      <object_component id="oc-1f">
         <name>.debug_frame</name>
         <load_address>0x994</load_address>
         <run_address>0x994</run_address>
         <size>0x54</size>
         <input_file_ref idref="fl-c7"/>
      </object_component>
      <object_component id="oc-25">
         <name>.debug_frame</name>
         <load_address>0x9e8</load_address>
         <run_address>0x9e8</run_address>
         <size>0x54</size>
         <input_file_ref idref="fl-c8"/>
      </object_component>
      <object_component id="oc-6f">
         <name>.debug_frame</name>
         <load_address>0xa3c</load_address>
         <run_address>0xa3c</run_address>
         <size>0x88</size>
         <input_file_ref idref="fl-c9"/>
      </object_component>
      <object_component id="oc-57">
         <name>.debug_frame</name>
         <load_address>0xac4</load_address>
         <run_address>0xac4</run_address>
         <size>0x54</size>
         <input_file_ref idref="fl-cc"/>
      </object_component>
      <object_component id="oc-5b">
         <name>.debug_frame</name>
         <load_address>0xb18</load_address>
         <run_address>0xb18</run_address>
         <size>0x54</size>
         <input_file_ref idref="fl-cd"/>
      </object_component>
      <object_component id="oc-11f">
         <name>.debug_frame</name>
         <load_address>0xb6c</load_address>
         <run_address>0xb6c</run_address>
         <size>0x7c</size>
         <input_file_ref idref="fl-cf"/>
      </object_component>
      <object_component id="oc-68">
         <name>.debug_frame</name>
         <load_address>0xbe8</load_address>
         <run_address>0xbe8</run_address>
         <size>0x54</size>
         <input_file_ref idref="fl-d0"/>
      </object_component>
      <object_component id="oc-60">
         <name>.debug_frame</name>
         <load_address>0xc3c</load_address>
         <run_address>0xc3c</run_address>
         <size>0x5c</size>
         <input_file_ref idref="fl-d1"/>
      </object_component>
      <object_component id="oc-a7">
         <name>.debug_frame</name>
         <load_address>0xc98</load_address>
         <run_address>0xc98</run_address>
         <size>0x60</size>
         <input_file_ref idref="fl-d2"/>
      </object_component>
      <object_component id="oc-ad">
         <name>.debug_frame</name>
         <load_address>0xcf8</load_address>
         <run_address>0xcf8</run_address>
         <size>0x54</size>
         <input_file_ref idref="fl-d3"/>
      </object_component>
      <object_component id="oc-16a">
         <name>.debug_abbrev</name>
         <load_address>0x0</load_address>
         <run_address>0x0</run_address>
         <size>0x68</size>
         <input_file_ref idref="fl-2"/>
      </object_component>
      <object_component id="oc-133">
         <name>.debug_abbrev</name>
         <load_address>0x68</load_address>
         <run_address>0x68</run_address>
         <size>0x8d</size>
         <input_file_ref idref="fl-2"/>
      </object_component>
      <object_component id="oc-141">
         <name>.debug_abbrev</name>
         <load_address>0xf5</load_address>
         <run_address>0xf5</run_address>
         <size>0xbd</size>
         <input_file_ref idref="fl-2"/>
      </object_component>
      <object_component id="oc-146">
         <name>.debug_abbrev</name>
         <load_address>0x1b2</load_address>
         <run_address>0x1b2</run_address>
         <size>0x97</size>
         <input_file_ref idref="fl-2"/>
      </object_component>
      <object_component id="oc-38">
         <name>.debug_abbrev</name>
         <load_address>0x249</load_address>
         <run_address>0x249</run_address>
         <size>0x1f</size>
         <input_file_ref idref="fl-2"/>
      </object_component>
      <object_component id="oc-fa">
         <name>.debug_abbrev</name>
         <load_address>0x268</load_address>
         <run_address>0x268</run_address>
         <size>0x35</size>
         <input_file_ref idref="fl-2"/>
      </object_component>
      <object_component id="oc-167">
         <name>.debug_abbrev</name>
         <load_address>0x29d</load_address>
         <run_address>0x29d</run_address>
         <size>0x29</size>
         <input_file_ref idref="fl-3"/>
      </object_component>
      <object_component id="oc-137">
         <name>.debug_abbrev</name>
         <load_address>0x2c6</load_address>
         <run_address>0x2c6</run_address>
         <size>0xa9</size>
         <input_file_ref idref="fl-3"/>
      </object_component>
      <object_component id="oc-13a">
         <name>.debug_abbrev</name>
         <load_address>0x36f</load_address>
         <run_address>0x36f</run_address>
         <size>0x50</size>
         <input_file_ref idref="fl-4"/>
      </object_component>
      <object_component id="oc-13d">
         <name>.debug_abbrev</name>
         <load_address>0x3bf</load_address>
         <run_address>0x3bf</run_address>
         <size>0xc5</size>
         <input_file_ref idref="fl-5"/>
      </object_component>
      <object_component id="oc-13b">
         <name>.debug_abbrev</name>
         <load_address>0x484</load_address>
         <run_address>0x484</run_address>
         <size>0x29</size>
         <input_file_ref idref="fl-5"/>
      </object_component>
      <object_component id="oc-ef">
         <name>.debug_abbrev</name>
         <load_address>0x4ad</load_address>
         <run_address>0x4ad</run_address>
         <size>0x9b</size>
         <input_file_ref idref="fl-5"/>
      </object_component>
      <object_component id="oc-ff">
         <name>.debug_abbrev</name>
         <load_address>0x548</load_address>
         <run_address>0x548</run_address>
         <size>0x33</size>
         <input_file_ref idref="fl-5"/>
      </object_component>
      <object_component id="oc-138">
         <name>.debug_abbrev</name>
         <load_address>0x57b</load_address>
         <run_address>0x57b</run_address>
         <size>0x9b</size>
         <input_file_ref idref="fl-6"/>
      </object_component>
      <object_component id="oc-160">
         <name>.debug_abbrev</name>
         <load_address>0x616</load_address>
         <run_address>0x616</run_address>
         <size>0x85</size>
         <input_file_ref idref="fl-7"/>
      </object_component>
      <object_component id="oc-15e">
         <name>.debug_abbrev</name>
         <load_address>0x69b</load_address>
         <run_address>0x69b</run_address>
         <size>0x27</size>
         <input_file_ref idref="fl-7"/>
      </object_component>
      <object_component id="oc-131">
         <name>.debug_abbrev</name>
         <load_address>0x6c2</load_address>
         <run_address>0x6c2</run_address>
         <size>0xe3</size>
         <input_file_ref idref="fl-7"/>
      </object_component>
      <object_component id="oc-164">
         <name>.debug_abbrev</name>
         <load_address>0x7a5</load_address>
         <run_address>0x7a5</run_address>
         <size>0xbd</size>
         <input_file_ref idref="fl-7"/>
      </object_component>
      <object_component id="oc-139">
         <name>.debug_abbrev</name>
         <load_address>0x862</load_address>
         <run_address>0x862</run_address>
         <size>0x6c</size>
         <input_file_ref idref="fl-8"/>
      </object_component>
      <object_component id="oc-149">
         <name>.debug_abbrev</name>
         <load_address>0x8ce</load_address>
         <run_address>0x8ce</run_address>
         <size>0x8e</size>
         <input_file_ref idref="fl-9"/>
      </object_component>
      <object_component id="oc-14b">
         <name>.debug_abbrev</name>
         <load_address>0x95c</load_address>
         <run_address>0x95c</run_address>
         <size>0x29</size>
         <input_file_ref idref="fl-9"/>
      </object_component>
      <object_component id="oc-f7">
         <name>.debug_abbrev</name>
         <load_address>0x985</load_address>
         <run_address>0x985</run_address>
         <size>0x112</size>
         <input_file_ref idref="fl-9"/>
      </object_component>
      <object_component id="oc-102">
         <name>.debug_abbrev</name>
         <load_address>0xa97</load_address>
         <run_address>0xa97</run_address>
         <size>0x73</size>
         <input_file_ref idref="fl-a"/>
      </object_component>
      <object_component id="oc-87">
         <name>.debug_abbrev</name>
         <load_address>0xb0a</load_address>
         <run_address>0xb0a</run_address>
         <size>0x29</size>
         <input_file_ref idref="fl-a"/>
      </object_component>
      <object_component id="oc-c3">
         <name>.debug_abbrev</name>
         <load_address>0xb33</load_address>
         <run_address>0xb33</run_address>
         <size>0x89</size>
         <input_file_ref idref="fl-a"/>
      </object_component>
      <object_component id="oc-15c">
         <name>.debug_abbrev</name>
         <load_address>0xbbc</load_address>
         <run_address>0xbbc</run_address>
         <size>0x29</size>
         <input_file_ref idref="fl-b"/>
      </object_component>
      <object_component id="oc-12d">
         <name>.debug_abbrev</name>
         <load_address>0xbe5</load_address>
         <run_address>0xbe5</run_address>
         <size>0x8b</size>
         <input_file_ref idref="fl-b"/>
      </object_component>
      <object_component id="oc-74">
         <name>.debug_abbrev</name>
         <load_address>0xc70</load_address>
         <run_address>0xc70</run_address>
         <size>0x3e</size>
         <input_file_ref idref="fl-c5"/>
      </object_component>
      <object_component id="oc-104">
         <name>.debug_abbrev</name>
         <load_address>0xcae</load_address>
         <run_address>0xcae</run_address>
         <size>0x37</size>
         <input_file_ref idref="fl-c6"/>
      </object_component>
      <object_component id="oc-30">
         <name>.debug_abbrev</name>
         <load_address>0xce5</load_address>
         <run_address>0xce5</run_address>
         <size>0x6f</size>
         <input_file_ref idref="fl-c6"/>
      </object_component>
      <object_component id="oc-33">
         <name>.debug_abbrev</name>
         <load_address>0xd54</load_address>
         <run_address>0xd54</run_address>
         <size>0x24</size>
         <input_file_ref idref="fl-c6"/>
      </object_component>
      <object_component id="oc-8c">
         <name>.debug_abbrev</name>
         <load_address>0xd78</load_address>
         <run_address>0xd78</run_address>
         <size>0x35</size>
         <input_file_ref idref="fl-c6"/>
      </object_component>
      <object_component id="oc-96">
         <name>.debug_abbrev</name>
         <load_address>0xdad</load_address>
         <run_address>0xdad</run_address>
         <size>0x5d</size>
         <input_file_ref idref="fl-c7"/>
      </object_component>
      <object_component id="oc-40">
         <name>.debug_abbrev</name>
         <load_address>0xe0a</load_address>
         <run_address>0xe0a</run_address>
         <size>0x74</size>
         <input_file_ref idref="fl-c7"/>
      </object_component>
      <object_component id="oc-43">
         <name>.debug_abbrev</name>
         <load_address>0xe7e</load_address>
         <run_address>0xe7e</run_address>
         <size>0x24</size>
         <input_file_ref idref="fl-c7"/>
      </object_component>
      <object_component id="oc-93">
         <name>.debug_abbrev</name>
         <load_address>0xea2</load_address>
         <run_address>0xea2</run_address>
         <size>0x24</size>
         <input_file_ref idref="fl-c7"/>
      </object_component>
      <object_component id="oc-9e">
         <name>.debug_abbrev</name>
         <load_address>0xec6</load_address>
         <run_address>0xec6</run_address>
         <size>0x5d</size>
         <input_file_ref idref="fl-c8"/>
      </object_component>
      <object_component id="oc-4c">
         <name>.debug_abbrev</name>
         <load_address>0xf23</load_address>
         <run_address>0xf23</run_address>
         <size>0x74</size>
         <input_file_ref idref="fl-c8"/>
      </object_component>
      <object_component id="oc-4f">
         <name>.debug_abbrev</name>
         <load_address>0xf97</load_address>
         <run_address>0xf97</run_address>
         <size>0x24</size>
         <input_file_ref idref="fl-c8"/>
      </object_component>
      <object_component id="oc-9b">
         <name>.debug_abbrev</name>
         <load_address>0xfbb</load_address>
         <run_address>0xfbb</run_address>
         <size>0x24</size>
         <input_file_ref idref="fl-c8"/>
      </object_component>
      <object_component id="oc-128">
         <name>.debug_abbrev</name>
         <load_address>0xfdf</load_address>
         <run_address>0xfdf</run_address>
         <size>0xb3</size>
         <input_file_ref idref="fl-c9"/>
      </object_component>
      <object_component id="oc-11c">
         <name>.debug_abbrev</name>
         <load_address>0x1092</load_address>
         <run_address>0x1092</run_address>
         <size>0x29</size>
         <input_file_ref idref="fl-c9"/>
      </object_component>
      <object_component id="oc-b8">
         <name>.debug_abbrev</name>
         <load_address>0x10bb</load_address>
         <run_address>0x10bb</run_address>
         <size>0xba</size>
         <input_file_ref idref="fl-c9"/>
      </object_component>
      <object_component id="oc-90">
         <name>.debug_abbrev</name>
         <load_address>0x1175</load_address>
         <run_address>0x1175</run_address>
         <size>0x3e</size>
         <input_file_ref idref="fl-ca"/>
      </object_component>
      <object_component id="oc-98">
         <name>.debug_abbrev</name>
         <load_address>0x11b3</load_address>
         <run_address>0x11b3</run_address>
         <size>0x4f</size>
         <input_file_ref idref="fl-cb"/>
      </object_component>
      <object_component id="oc-a0">
         <name>.debug_abbrev</name>
         <load_address>0x1202</load_address>
         <run_address>0x1202</run_address>
         <size>0x53</size>
         <input_file_ref idref="fl-cc"/>
      </object_component>
      <object_component id="oc-a1">
         <name>.debug_abbrev</name>
         <load_address>0x1255</load_address>
         <run_address>0x1255</run_address>
         <size>0x55</size>
         <input_file_ref idref="fl-cd"/>
      </object_component>
      <object_component id="oc-bb">
         <name>.debug_abbrev</name>
         <load_address>0x12aa</load_address>
         <run_address>0x12aa</run_address>
         <size>0x27</size>
         <input_file_ref idref="fl-ce"/>
      </object_component>
      <object_component id="oc-15a">
         <name>.debug_abbrev</name>
         <load_address>0x12d1</load_address>
         <run_address>0x12d1</run_address>
         <size>0x50</size>
         <input_file_ref idref="fl-cf"/>
      </object_component>
      <object_component id="oc-124">
         <name>.debug_abbrev</name>
         <load_address>0x1321</load_address>
         <run_address>0x1321</run_address>
         <size>0x29</size>
         <input_file_ref idref="fl-cf"/>
      </object_component>
      <object_component id="oc-159">
         <name>.debug_abbrev</name>
         <load_address>0x134a</load_address>
         <run_address>0x134a</run_address>
         <size>0x6f</size>
         <input_file_ref idref="fl-cf"/>
      </object_component>
      <object_component id="oc-115">
         <name>.debug_abbrev</name>
         <load_address>0x13b9</load_address>
         <run_address>0x13b9</run_address>
         <size>0x99</size>
         <input_file_ref idref="fl-d0"/>
      </object_component>
      <object_component id="oc-b0">
         <name>.debug_abbrev</name>
         <load_address>0x1452</load_address>
         <run_address>0x1452</run_address>
         <size>0x68</size>
         <input_file_ref idref="fl-d0"/>
      </object_component>
      <object_component id="oc-119">
         <name>.debug_abbrev</name>
         <load_address>0x14ba</load_address>
         <run_address>0x14ba</run_address>
         <size>0x49</size>
         <input_file_ref idref="fl-d0"/>
      </object_component>
      <object_component id="oc-109">
         <name>.debug_abbrev</name>
         <load_address>0x1503</load_address>
         <run_address>0x1503</run_address>
         <size>0xb9</size>
         <input_file_ref idref="fl-d1"/>
      </object_component>
      <object_component id="oc-ae">
         <name>.debug_abbrev</name>
         <load_address>0x15bc</load_address>
         <run_address>0x15bc</run_address>
         <size>0x7e</size>
         <input_file_ref idref="fl-d1"/>
      </object_component>
      <object_component id="oc-10d">
         <name>.debug_abbrev</name>
         <load_address>0x163a</load_address>
         <run_address>0x163a</run_address>
         <size>0x24</size>
         <input_file_ref idref="fl-d1"/>
      </object_component>
      <object_component id="oc-156">
         <name>.debug_abbrev</name>
         <load_address>0x165e</load_address>
         <run_address>0x165e</run_address>
         <size>0x24</size>
         <input_file_ref idref="fl-d1"/>
      </object_component>
      <object_component id="oc-112">
         <name>.debug_abbrev</name>
         <load_address>0x1682</load_address>
         <run_address>0x1682</run_address>
         <size>0x4b</size>
         <input_file_ref idref="fl-d1"/>
      </object_component>
      <object_component id="oc-14d">
         <name>.debug_abbrev</name>
         <load_address>0x16cd</load_address>
         <run_address>0x16cd</run_address>
         <size>0xa7</size>
         <input_file_ref idref="fl-d2"/>
      </object_component>
      <object_component id="oc-106">
         <name>.debug_abbrev</name>
         <load_address>0x1774</load_address>
         <run_address>0x1774</run_address>
         <size>0x8c</size>
         <input_file_ref idref="fl-d2"/>
      </object_component>
      <object_component id="oc-151">
         <name>.debug_abbrev</name>
         <load_address>0x1800</load_address>
         <run_address>0x1800</run_address>
         <size>0x24</size>
         <input_file_ref idref="fl-d2"/>
      </object_component>
      <object_component id="oc-108">
         <name>.debug_abbrev</name>
         <load_address>0x1824</load_address>
         <run_address>0x1824</run_address>
         <size>0x53</size>
         <input_file_ref idref="fl-d3"/>
      </object_component>
      <object_component id="oc-197">
         <name>.debug_abbrev</name>
         <load_address>0x1877</load_address>
         <run_address>0x1877</run_address>
         <size>0xf</size>
      </object_component>
      <object_component id="oc-143">
         <name>.debug_str</name>
         <load_address>0x0</load_address>
         <run_address>0x0</run_address>
         <size>0x15dd</size>
         <input_file_ref idref="fl-2"/>
      </object_component>
      <object_component id="oc-148">
         <name>.debug_str</name>
         <load_address>0x15dd</load_address>
         <run_address>0x15dd</run_address>
         <size>0x499</size>
         <input_file_ref idref="fl-2"/>
      </object_component>
      <object_component id="oc-3a">
         <name>.debug_str</name>
         <load_address>0x1a76</load_address>
         <run_address>0x1a76</run_address>
         <size>0xfa</size>
         <input_file_ref idref="fl-2"/>
      </object_component>
      <object_component id="oc-fc">
         <name>.debug_str</name>
         <load_address>0x1b70</load_address>
         <run_address>0x1b70</run_address>
         <size>0x233</size>
         <input_file_ref idref="fl-2"/>
      </object_component>
      <object_component id="oc-101">
         <name>.debug_str</name>
         <load_address>0x1da3</load_address>
         <run_address>0x1da3</run_address>
         <size>0x1ce</size>
         <input_file_ref idref="fl-5"/>
      </object_component>
      <object_component id="oc-166">
         <name>.debug_str</name>
         <load_address>0x1f71</load_address>
         <run_address>0x1f71</run_address>
         <size>0x15de</size>
         <input_file_ref idref="fl-7"/>
      </object_component>
      <object_component id="oc-35">
         <name>.debug_str</name>
         <load_address>0x354f</load_address>
         <run_address>0x354f</run_address>
         <size>0x10d</size>
         <input_file_ref idref="fl-c6"/>
      </object_component>
      <object_component id="oc-8e">
         <name>.debug_str</name>
         <load_address>0x365c</load_address>
         <run_address>0x365c</run_address>
         <size>0x14a</size>
         <input_file_ref idref="fl-c6"/>
      </object_component>
      <object_component id="oc-45">
         <name>.debug_str</name>
         <load_address>0x37a6</load_address>
         <run_address>0x37a6</run_address>
         <size>0x100</size>
         <input_file_ref idref="fl-c7"/>
      </object_component>
      <object_component id="oc-95">
         <name>.debug_str</name>
         <load_address>0x38a6</load_address>
         <run_address>0x38a6</run_address>
         <size>0x12d</size>
         <input_file_ref idref="fl-c7"/>
      </object_component>
      <object_component id="oc-51">
         <name>.debug_str</name>
         <load_address>0x39d3</load_address>
         <run_address>0x39d3</run_address>
         <size>0xfa</size>
         <input_file_ref idref="fl-c8"/>
      </object_component>
      <object_component id="oc-9d">
         <name>.debug_str</name>
         <load_address>0x3acd</load_address>
         <run_address>0x3acd</run_address>
         <size>0x12d</size>
         <input_file_ref idref="fl-c8"/>
      </object_component>
      <object_component id="oc-11b">
         <name>.debug_str</name>
         <load_address>0x3bfa</load_address>
         <run_address>0x3bfa</run_address>
         <size>0xd6</size>
         <input_file_ref idref="fl-d0"/>
      </object_component>
      <object_component id="oc-10f">
         <name>.debug_str</name>
         <load_address>0x3cd0</load_address>
         <run_address>0x3cd0</run_address>
         <size>0xe2</size>
         <input_file_ref idref="fl-d1"/>
      </object_component>
      <object_component id="oc-158">
         <name>.debug_str</name>
         <load_address>0x3db2</load_address>
         <run_address>0x3db2</run_address>
         <size>0x138</size>
         <input_file_ref idref="fl-d1"/>
      </object_component>
      <object_component id="oc-114">
         <name>.debug_str</name>
         <load_address>0x3eea</load_address>
         <run_address>0x3eea</run_address>
         <size>0x184</size>
         <input_file_ref idref="fl-d1"/>
      </object_component>
      <object_component id="oc-153">
         <name>.debug_str</name>
         <load_address>0x406e</load_address>
         <run_address>0x406e</run_address>
         <size>0xd7</size>
         <input_file_ref idref="fl-d2"/>
      </object_component>
      <object_component id="oc-cc">
         <name>.debug_aranges</name>
         <load_address>0x0</load_address>
         <run_address>0x0</run_address>
         <size>0x28</size>
         <input_file_ref idref="fl-2"/>
      </object_component>
      <object_component id="oc-d5">
         <name>.debug_aranges</name>
         <load_address>0x28</load_address>
         <run_address>0x28</run_address>
         <size>0x40</size>
         <input_file_ref idref="fl-3"/>
      </object_component>
      <object_component id="oc-e3">
         <name>.debug_aranges</name>
         <load_address>0x68</load_address>
         <run_address>0x68</run_address>
         <size>0x40</size>
         <input_file_ref idref="fl-4"/>
      </object_component>
      <object_component id="oc-7d">
         <name>.debug_aranges</name>
         <load_address>0xa8</load_address>
         <run_address>0xa8</run_address>
         <size>0x28</size>
         <input_file_ref idref="fl-5"/>
      </object_component>
      <object_component id="oc-da">
         <name>.debug_aranges</name>
         <load_address>0xd0</load_address>
         <run_address>0xd0</run_address>
         <size>0x38</size>
         <input_file_ref idref="fl-6"/>
      </object_component>
      <object_component id="oc-c6">
         <name>.debug_aranges</name>
         <load_address>0x108</load_address>
         <run_address>0x108</run_address>
         <size>0x70</size>
         <input_file_ref idref="fl-7"/>
      </object_component>
      <object_component id="oc-df">
         <name>.debug_aranges</name>
         <load_address>0x178</load_address>
         <run_address>0x178</run_address>
         <size>0x20</size>
         <input_file_ref idref="fl-8"/>
      </object_component>
      <object_component id="oc-82">
         <name>.debug_aranges</name>
         <load_address>0x198</load_address>
         <run_address>0x198</run_address>
         <size>0x188</size>
         <input_file_ref idref="fl-9"/>
      </object_component>
      <object_component id="oc-78">
         <name>.debug_aranges</name>
         <load_address>0x320</load_address>
         <run_address>0x320</run_address>
         <size>0x28</size>
         <input_file_ref idref="fl-a"/>
      </object_component>
      <object_component id="oc-bf">
         <name>.debug_aranges</name>
         <load_address>0x348</load_address>
         <run_address>0x348</run_address>
         <size>0x28</size>
         <input_file_ref idref="fl-b"/>
      </object_component>
      <object_component id="oc-29">
         <name>.debug_aranges</name>
         <load_address>0x370</load_address>
         <run_address>0x370</run_address>
         <size>0x20</size>
         <input_file_ref idref="fl-c5"/>
      </object_component>
      <object_component id="oc-18">
         <name>.debug_aranges</name>
         <load_address>0x390</load_address>
         <run_address>0x390</run_address>
         <size>0x20</size>
         <input_file_ref idref="fl-c6"/>
      </object_component>
      <object_component id="oc-1b">
         <name>.debug_aranges</name>
         <load_address>0x3b0</load_address>
         <run_address>0x3b0</run_address>
         <size>0x20</size>
         <input_file_ref idref="fl-c7"/>
      </object_component>
      <object_component id="oc-24">
         <name>.debug_aranges</name>
         <load_address>0x3d0</load_address>
         <run_address>0x3d0</run_address>
         <size>0x20</size>
         <input_file_ref idref="fl-c8"/>
      </object_component>
      <object_component id="oc-6e">
         <name>.debug_aranges</name>
         <load_address>0x3f0</load_address>
         <run_address>0x3f0</run_address>
         <size>0x30</size>
         <input_file_ref idref="fl-c9"/>
      </object_component>
      <object_component id="oc-3f">
         <name>.debug_aranges</name>
         <load_address>0x420</load_address>
         <run_address>0x420</run_address>
         <size>0x20</size>
         <input_file_ref idref="fl-ca"/>
      </object_component>
      <object_component id="oc-4b">
         <name>.debug_aranges</name>
         <load_address>0x440</load_address>
         <run_address>0x440</run_address>
         <size>0x28</size>
         <input_file_ref idref="fl-cb"/>
      </object_component>
      <object_component id="oc-55">
         <name>.debug_aranges</name>
         <load_address>0x468</load_address>
         <run_address>0x468</run_address>
         <size>0x20</size>
         <input_file_ref idref="fl-cc"/>
      </object_component>
      <object_component id="oc-5a">
         <name>.debug_aranges</name>
         <load_address>0x488</load_address>
         <run_address>0x488</run_address>
         <size>0x20</size>
         <input_file_ref idref="fl-cd"/>
      </object_component>
      <object_component id="oc-123">
         <name>.debug_aranges</name>
         <load_address>0x4a8</load_address>
         <run_address>0x4a8</run_address>
         <size>0x30</size>
         <input_file_ref idref="fl-cf"/>
      </object_component>
      <object_component id="oc-67">
         <name>.debug_aranges</name>
         <load_address>0x4d8</load_address>
         <run_address>0x4d8</run_address>
         <size>0x20</size>
         <input_file_ref idref="fl-d0"/>
      </object_component>
      <object_component id="oc-61">
         <name>.debug_aranges</name>
         <load_address>0x4f8</load_address>
         <run_address>0x4f8</run_address>
         <size>0x20</size>
         <input_file_ref idref="fl-d1"/>
      </object_component>
      <object_component id="oc-a5">
         <name>.debug_aranges</name>
[...]
         <object_component_ref idref="oc-81"/>
      </symbol>
      <symbol id="sm-1e6">
         <name>TExaS_Clear4</name>
         <value>0x443</value>
         <object_component_ref idref="oc-81"/>
      </symbol>
      <symbol id="sm-1e7">
         <name>TExaS_Clear6</name>
         <value>0x451</value>
         <object_component_ref idref="oc-81"/>
      </symbol>
      <symbol id="sm-1e8">
         <name>TExaS_Clear1</name>
         <value>0x41f</value>
         <object_component_ref idref="oc-81"/>
      </symbol>
      <symbol id="sm-1e9">
         <name>TExaS_Clear0</name>
         <value>0x413</value>
         <object_component_ref idref="oc-81"/>
      </symbol>
      <symbol id="sm-1ea">
         <name>TExaS_Clear3</name>
         <value>0x437</value>
         <object_component_ref idref="oc-81"/>
      </symbol>
      <symbol id="sm-1eb">
         <name>TExaS_Clear2</name>
         <value>0x42b</value>
         <object_component_ref idref="oc-81"/>
      </symbol>
      <symbol id="sm-1ec">
         <name>TExaS_Stop</name>
         <value>0x6b1</value>
         <object_component_ref idref="oc-81"/>
      </symbol>
      <symbol id="sm-1ed">
         <name>TExaS_ScopeErrConflict</name>
         <value>0x20000028</value>
         <object_component_ref idref="oc-f3"/>
      </symbol>
      <symbol id="sm-1ee">
         <name>ADC_Init</name>
         <value>0x475</value>
         <object_component_ref idref="oc-81"/>
      </symbol>
      <symbol id="sm-1ef">
         <name>LogicAnalyzer_P4_765432</name>
         <value>0x137</value>
         <object_component_ref idref="oc-81"/>
      </symbol>
      <symbol id="sm-1f0">
         <name>PeriodicTask2_Init</name>
         <value>0x257</value>
         <object_component_ref idref="oc-81"/>
      </symbol>
      <symbol id="sm-1f1">
         <name>LogicAnalyzer_P1</name>
         <value>0xef</value>
         <object_component_ref idref="oc-81"/>
      </symbol>
      <symbol id="sm-1f2">
         <name>LogicAnalyzer_P3</name>
         <value>0x11b</value>
         <object_component_ref idref="oc-81"/>
      </symbol>
      <symbol id="sm-1f3">
         <name>LogicAnalyzer_P2</name>
         <value>0xfd</value>
         <object_component_ref idref="oc-81"/>
      </symbol>
      <symbol id="sm-1f4">
         <name>LogicAnalyzer_P5</name>
         <value>0x17f</value>
         <object_component_ref idref="oc-81"/>
      </symbol>
      <symbol id="sm-1f5">
         <name>LogicAnalyzer_P4</name>
         <value>0x129</value>
         <object_component_ref idref="oc-81"/>
      </symbol>
      <symbol id="sm-1f6">
         <name>LogicAnalyzer_P7</name>
         <value>0x19b</value>
         <object_component_ref idref="oc-81"/>
      </symbol>
      <symbol id="sm-1f7">
         <name>LogicAnalyzer_P6</name>
         <value>0x18d</value>
         <object_component_ref idref="oc-81"/>
      </symbol>
      <symbol id="sm-1f8">
         <name>LogicAnalyzer_P9</name>
         <value>0x1b7</value>
         <object_component_ref idref="oc-81"/>
      </symbol>
      <symbol id="sm-1f9">
         <name>LogicAnalyzer_P8</name>
         <value>0x1a9</value>
         <object_component_ref idref="oc-81"/>
      </symbol>
      <symbol id="sm-1fa">
         <name>TExaS_ScopeWrnReconfig</name>
         <value>0x2000002c</value>
         <object_component_ref idref="oc-f3"/>
      </symbol>
      <symbol id="sm-1fb">
         <name>TExaS_Task0</name>
         <value>0x367</value>
         <object_component_ref idref="oc-81"/>
      </symbol>
      <symbol id="sm-1fc">
         <name>TExaS_Task1</name>
         <value>0x373</value>
         <object_component_ref idref="oc-81"/>
      </symbol>
      <symbol id="sm-1fd">
         <name>TExaS_Task2</name>
         <value>0x37f</value>
         <object_component_ref idref="oc-81"/>
      </symbol>
      <symbol id="sm-1fe">
         <name>TExaS_Task3</name>
         <value>0x38b</value>
         <object_component_ref idref="oc-81"/>
      </symbol>
      <symbol id="sm-1ff">
         <name>TExaS_Task4</name>
         <value>0x397</value>
         <object_component_ref idref="oc-81"/>
      </symbol>
      <symbol id="sm-200">
         <name>TExaS_Task5</name>
         <value>0x399</value>
         <object_component_ref idref="oc-81"/>
      </symbol>
      <symbol id="sm-201">
         <name>TExaS_Task6</name>
         <value>0x3a5</value>
         <object_component_ref idref="oc-81"/>
      </symbol>
      <symbol id="sm-202">
         <name>Scope</name>
         <value>0x1d3</value>
         <object_component_ref idref="oc-81"/>
      </symbol>
      <symbol id="sm-203">
         <name>TExaS_Set0</name>
         <value>0x3c9</value>
         <object_component_ref idref="oc-81"/>
      </symbol>
      <symbol id="sm-204">
         <name>TExaS_Set1</name>
         <value>0x3d5</value>
         <object_component_ref idref="oc-81"/>
      </symbol>
      <symbol id="sm-205">
         <name>TExaS_Set2</name>
         <value>0x3e1</value>
         <object_component_ref idref="oc-81"/>
      </symbol>
      <symbol id="sm-206">
         <name>TExaS_Set3</name>
         <value>0x3ed</value>
         <object_component_ref idref="oc-81"/>
      </symbol>
      <symbol id="sm-207">
         <name>TExaS_Set4</name>
         <value>0x3f9</value>
         <object_component_ref idref="oc-81"/>
      </symbol>
      <symbol id="sm-208">
         <name>TExaS_Set5</name>
         <value>0x3fb</value>
         <object_component_ref idref="oc-81"/>
      </symbol>
      <symbol id="sm-209">
         <name>TExaS_Set6</name>
         <value>0x407</value>
         <object_component_ref idref="oc-81"/>
      </symbol>
      <symbol id="sm-20a">
         <name>TExaS_ScopeErrLostData</name>
         <value>0x20000024</value>
         <object_component_ref idref="oc-f3"/>
      </symbol>
      <symbol id="sm-20b">
         <name>PeriodicTask2_Stop</name>
         <value>0x2d1</value>
         <object_component_ref idref="oc-81"/>
      </symbol>
      <symbol id="sm-20c">
         <name>LogicAnalyzer_P10</name>
         <value>0x1c5</value>
         <object_component_ref idref="oc-81"/>
      </symbol>
      <symbol id="sm-20d">
         <name>TExaS_Init</name>
         <value>0x551</value>
         <object_component_ref idref="oc-81"/>
      </symbol>
      <symbol id="sm-20e">
         <name>UART_InChar</name>
         <value>0x33b</value>
         <object_component_ref idref="oc-81"/>
      </symbol>
      <symbol id="sm-20f">
         <name>LogicAnalyzer</name>
         <value>0xe5</value>
         <object_component_ref idref="oc-81"/>
      </symbol>
      <symbol id="sm-210">
         <name>LogicAnalyzer_P4_765320</name>
         <value>0x147</value>
         <object_component_ref idref="oc-81"/>
      </symbol>
      <symbol id="sm-211">
         <name>T32_INT1_IRQHandler</name>
         <value>0x2c1</value>
         <object_component_ref idref="oc-81"/>
      </symbol>
      <symbol id="sm-212">
         <name>UART_Init</name>
         <value>0x2e1</value>
         <object_component_ref idref="oc-81"/>
      </symbol>
      <symbol id="sm-213">
         <name>LogicAnalyzer_P2_7654</name>
         <value>0x10b</value>
         <object_component_ref idref="oc-81"/>
      </symbol>
      <symbol id="sm-214">
         <name>UART_OutChar</name>
         <value>0x34b</value>
         <object_component_ref idref="oc-81"/>
      </symbol>
      <symbol id="sm-215">
         <name>TExaS_Set</name>
         <value>0x3b1</value>
         <object_component_ref idref="oc-81"/>
      </symbol>
      <symbol id="sm-22a">
         <name>Reset_Handler</name>
         <value>0x1387</value>
         <object_component_ref idref="oc-75"/>
      </symbol>
      <symbol id="sm-22b">
         <name>Default_Handler</name>
         <value>0x1393</value>
         <object_component_ref idref="oc-75"/>
      </symbol>
      <symbol id="sm-22c">
         <name>interruptVectors</name>
         <value>0x0</value>
         <object_component_ref idref="oc-2c"/>
      </symbol>
      <symbol id="sm-272">
         <name>SystemInit</name>
         <value>0x989</value>
         <object_component_ref idref="oc-bd"/>
      </symbol>
      <symbol id="sm-273">
         <name>SystemCoreClockUpdate</name>
         <value>0x715</value>
         <object_component_ref idref="oc-bd"/>
      </symbol>
      <symbol id="sm-274">
         <name>SystemCoreClock</name>
         <value>0x20000044</value>
         <object_component_ref idref="oc-12a"/>
      </symbol>
      <symbol id="sm-285">
         <name>_c_int00</name>
         <value>0x11f5</value>
         <object_component_ref idref="oc-26"/>
      </symbol>
      <symbol id="sm-286">
         <name>__stack</name>
         <value>0x2000fe00</value>
         <object_component_ref idref="oc-2f"/>
      </symbol>
      <symbol id="sm-2a4">
         <name>__TI_decompress_lzss</name>
         <value>0x118d</value>
         <object_component_ref idref="oc-14"/>
      </symbol>
      <symbol id="sm-2bb">
         <name>__TI_decompress_none</name>
         <value>0x1379</value>
         <object_component_ref idref="oc-1a"/>
      </symbol>
      <symbol id="sm-2d2">
         <name>__TI_zero_init</name>
         <value>0x1395</value>
         <object_component_ref idref="oc-20"/>
      </symbol>
      <symbol id="sm-2f3">
         <name>C$$EXIT</name>
         <value>0x1249</value>
         <object_component_ref idref="oc-6b"/>
      </symbol>
      <symbol id="sm-2f4">
         <name>abort</name>
         <value>0x124d</value>
         <object_component_ref idref="oc-6b"/>
      </symbol>
      <symbol id="sm-2f5">
         <name>exit</name>
         <value>0x1255</value>
         <object_component_ref idref="oc-6b"/>
      </symbol>
      <symbol id="sm-2f6">
         <name>__TI_dtors_ptr</name>
         <value>0x2000001c</value>
         <object_component_ref idref="oc-b2"/>
      </symbol>
      <symbol id="sm-2f7">
         <name>__TI_cleanup_ptr</name>
         <value>0x20000018</value>
         <object_component_ref idref="oc-b2"/>
      </symbol>
      <symbol id="sm-2f8">
         <name>__TI_enable_exit_profile_output</name>
         <value>0x20000020</value>
         <object_component_ref idref="oc-b2"/>
      </symbol>
      <symbol id="sm-313">
         <name>memcpy</name>
         <value>0xf75</value>
         <object_component_ref idref="oc-3b"/>
      </symbol>
      <symbol id="sm-314">
         <name>__aeabi_memcpy</name>
         <value>0xf75</value>
         <object_component_ref idref="oc-3b"/>
      </symbol>
      <symbol id="sm-315">
         <name>__aeabi_memcpy8</name>
         <value>0xf75</value>
         <object_component_ref idref="oc-3b"/>
      </symbol>
      <symbol id="sm-316">
         <name>__aeabi_memcpy4</name>
         <value>0xf75</value>
         <object_component_ref idref="oc-3b"/>
      </symbol>
      <symbol id="sm-325">
         <name>__aeabi_memset</name>
         <value>0x10a3</value>
         <object_component_ref idref="oc-47"/>
      </symbol>
      <symbol id="sm-326">
         <name>memset</name>
         <value>0x10a9</value>
         <object_component_ref idref="oc-47"/>
      </symbol>
      <symbol id="sm-327">
         <name>__aeabi_memset8</name>
         <value>0x10a3</value>
         <object_component_ref idref="oc-47"/>
      </symbol>
      <symbol id="sm-328">
         <name>__aeabi_memset4</name>
         <value>0x10a3</value>
         <object_component_ref idref="oc-47"/>
      </symbol>
      <symbol id="sm-329">
         <name>__aeabi_memclr8</name>
         <value>0x10a1</value>
         <object_component_ref idref="oc-47"/>
      </symbol>
      <symbol id="sm-32a">
         <name>__aeabi_memclr4</name>
         <value>0x10a1</value>
         <object_component_ref idref="oc-47"/>
      </symbol>
      <symbol id="sm-32b">
         <name>__aeabi_memclr</name>
         <value>0x10a1</value>
         <object_component_ref idref="oc-47"/>
      </symbol>
      <symbol id="sm-335">
         <name>__mpu_init</name>
         <value>0x111b</value>
         <object_component_ref idref="oc-53"/>
      </symbol>
      <symbol id="sm-33f">
         <name>_system_pre_init</name>
         <value>0x13a1</value>
         <object_component_ref idref="oc-59"/>
      </symbol>
      <symbol id="sm-347">
         <name>main_func_sp</name>
         <value>0x20000040</value>
         <object_component_ref idref="oc-71"/>
      </symbol>
      <symbol id="sm-360">
         <name>_nop</name>
         <value>0x1373</value>
         <object_component_ref idref="oc-11e"/>
      </symbol>
      <symbol id="sm-361">
         <name>_lock</name>
         <value>0x20000030</value>
         <object_component_ref idref="oc-b5"/>
      </symbol>
      <symbol id="sm-362">
         <name>_unlock</name>
         <value>0x20000034</value>
         <object_component_ref idref="oc-b5"/>
      </symbol>
      <symbol id="sm-363">
         <name>_register_lock</name>
         <value>0x136b</value>
         <object_component_ref idref="oc-11e"/>
      </symbol>
      <symbol id="sm-364">
         <name>_register_unlock</name>
         <value>0x1365</value>
         <object_component_ref idref="oc-11e"/>
      </symbol>
      <symbol id="sm-378">
         <name>_args_main</name>
         <value>0x134d</value>
         <object_component_ref idref="oc-65"/>
      </symbol>
      <symbol id="sm-3a2">
         <name>__TI_auto_init</name>
         <value>0x111d</value>
         <object_component_ref idref="oc-5f"/>
      </symbol>
      <symbol id="sm-3bc">
         <name>copy_in</name>
         <value>0x129d</value>
         <object_component_ref idref="oc-a2"/>
      </symbol>
      <symbol id="sm-3c6">
         <name>_system_post_cinit</name>
         <value>0x13a5</value>
         <object_component_ref idref="oc-a8"/>
      </symbol>
      <symbol id="sm-3c7">
         <name>__TI_static_base__</name>
         <value>0x0</value>
      </symbol>
      <symbol id="sm-3ca">
         <name>SHT$$INIT_ARRAY$$Limit</name>
         <value>0x0</value>
      </symbol>
      <symbol id="sm-3cb">
         <name>SHT$$INIT_ARRAY$$Base</name>
         <value>0x0</value>
      </symbol>
      <symbol id="sm-3cc">
         <name>NMI_Handler</name>
         <value>0x1393</value>
      </symbol>
      <symbol id="sm-3cd">
         <name>HardFault_Handler</name>
         <value>0x1393</value>
      </symbol>
      <symbol id="sm-3ce">
         <name>MemManage_Handler</name>
         <value>0x1393</value>
      </symbol>
      <symbol id="sm-3cf">
         <name>BusFault_Handler</name>
         <value>0x1393</value>
      </symbol>
      <symbol id="sm-3d0">
         <name>UsageFault_Handler</name>
         <value>0x1393</value>
      </symbol>
      <symbol id="sm-3d1">
         <name>SVC_Handler</name>
         <value>0x1393</value>
      </symbol>
      <symbol id="sm-3d2">
         <name>DebugMon_Handler</name>
         <value>0x1393</value>
      </symbol>
      <symbol id="sm-3d3">
         <name>PendSV_Handler</name>
         <value>0x1393</value>
      </symbol>
      <symbol id="sm-3d4">
         <name>SysTick_Handler</name>
         <value>0xed1</value>
      </symbol>
      <symbol id="sm-3d5">
         <name>PSS_IRQHandler</name>
         <value>0x1393</value>
      </symbol>
      <symbol id="sm-3d6">
         <name>CS_IRQHandler</name>
         <value>0x1393</value>
      </symbol>
      <symbol id="sm-3d7">
         <name>PCM_IRQHandler</name>
         <value>0x1393</value>
      </symbol>
      <symbol id="sm-3d8">
         <name>WDT_A_IRQHandler</name>
         <value>0x1393</value>
      </symbol>
      <symbol id="sm-3d9">
         <name>FPU_IRQHandler</name>
         <value>0x1393</value>
      </symbol>
      <symbol id="sm-3da">
         <name>FLCTL_IRQHandler</name>
         <value>0x1393</value>
      </symbol>
      <symbol id="sm-3db">
         <name>COMP_E0_IRQHandler</name>
         <value>0x1393</value>
      </symbol>
      <symbol id="sm-3dc">
         <name>COMP_E1_IRQHandler</name>
         <value>0x1393</value>
      </symbol>
      <symbol id="sm-3dd">
         <name>TA0_0_IRQHandler</name>
         <value>0x1393</value>
      </symbol>
      <symbol id="sm-3de">
         <name>TA0_N_IRQHandler</name>
         <value>0x1393</value>
      </symbol>
      <symbol id="sm-3df">
         <name>TA1_0_IRQHandler</name>
         <value>0x1393</value>
      </symbol>
      <symbol id="sm-3e0">
         <name>TA1_N_IRQHandler</name>
         <value>0x1393</value>
      </symbol>
      <symbol id="sm-3e1">
         <name>TA2_0_IRQHandler</name>
         <value>0x1393</value>
      </symbol>
      <symbol id="sm-3e2">
         <name>TA2_N_IRQHandler</name>
         <value>0x1393</value>
      </symbol>
      <symbol id="sm-3e3">
         <name>TA3_0_IRQHandler</name>
         <value>0x1393</value>
      </symbol>
      <symbol id="sm-3e4">
         <name>TA3_N_IRQHandler</name>
         <value>0x1393</value>
      </symbol>
      <symbol id="sm-3e5">
         <name>EUSCIA0_IRQHandler</name>
         <value>0x1393</value>
      </symbol>
      <symbol id="sm-3e6">
         <name>EUSCIA1_IRQHandler</name>
         <value>0x1393</value>
      </symbol>
      <symbol id="sm-3e7">
         <name>EUSCIA2_IRQHandler</name>
         <value>0x1393</value>
      </symbol>
      <symbol id="sm-3e8">
         <name>EUSCIA3_IRQHandler</name>
         <value>0x1393</value>
      </symbol>
      <symbol id="sm-3e9">
         <name>EUSCIB0_IRQHandler</name>
         <value>0x1393</value>
      </symbol>
      <symbol id="sm-3ea">
         <name>EUSCIB1_IRQHandler</name>
         <value>0x1393</value>
      </symbol>
      <symbol id="sm-3eb">
         <name>EUSCIB2_IRQHandler</name>
         <value>0x1393</value>
      </symbol>
      <symbol id="sm-3ec">
         <name>EUSCIB3_IRQHandler</name>
         <value>0x1393</value>
      </symbol>
      <symbol id="sm-3ed">
         <name>ADC14_IRQHandler</name>
         <value>0x1393</value>
      </symbol>
      <symbol id="sm-3ee">
         <name>T32_INT1_IRQHandler</name>
         <value>0x2c1</value>
      </symbol>
      <symbol id="sm-3ef">
         <name>T32_INT2_IRQHandler</name>
         <value>0x1393</value>
      </symbol>
      <symbol id="sm-3f0">
         <name>T32_INTC_IRQHandler</name>
         <value>0x1393</value>
      </symbol>
      <symbol id="sm-3f1">
         <name>AES256_IRQHandler</name>
         <value>0x1393</value>
      </symbol>
      <symbol id="sm-3f2">
         <name>RTC_C_IRQHandler</name>
         <value>0x1393</value>
      </symbol>
      <symbol id="sm-3f3">
         <name>DMA_ERR_IRQHandler</name>
         <value>0x1393</value>
      </symbol>
      <symbol id="sm-3f4">
         <name>DMA_INT3_IRQHandler</name>
         <value>0x1393</value>
      </symbol>
      <symbol id="sm-3f5">
         <name>DMA_INT2_IRQHandler</name>
         <value>0x1393</value>
      </symbol>
      <symbol id="sm-3f6">
         <name>DMA_INT1_IRQHandler</name>
         <value>0x1393</value>
      </symbol>
      <symbol id="sm-3f7">
         <name>DMA_INT0_IRQHandler</name>
         <value>0x1393</value>
      </symbol>
      <symbol id="sm-3f8">
         <name>PORT1_IRQHandler</name>
         <value>0x1393</value>
      </symbol>
      <symbol id="sm-3f9">
         <name>PORT2_IRQHandler</name>
         <value>0x1393</value>
      </symbol>
      <symbol id="sm-3fa">
         <name>PORT3_IRQHandler</name>
         <value>0x1393</value>
      </symbol>
      <symbol id="sm-3fb">
         <name>PORT4_IRQHandler</name>
         <value>0x1393</value>
      </symbol>
      <symbol id="sm-3fc">
         <name>PORT5_IRQHandler</name>
         <value>0x1393</value>
      </symbol>
      <symbol id="sm-3fd">
         <name>PORT6_IRQHandler</name>
         <value>0x1393</value>
      </symbol>
   </symbol_table>
   <title>Link successful</title>
</link_info>
