******************************************************************************
                  TI ARM Linker PC v16.9.6                     
******************************************************************************
>> Linked Fri Dec 03 18:12:19 2021

OUTPUT FILE NAME:   <Lab3_TimerCompare_Motor.out>
ENTRY POINT SYMBOL: "_c_int00"  address: 0000132d


MEMORY CONFIGURATION

         name            origin    length      used     unused   attr    fill
----------------------  --------  ---------  --------  --------  ----  --------
  MAIN                  00000000   00040000  000014ec  0003eb14  R  X
  INFO                  00200000   00004000  00000000  00004000  R  X
  SRAM_CODE             01000000   00010000  0000024a  0000fdb6  RW X
  SRAM_DATA             20000000   00010000  0000024a  0000fdb6  RW  


SEGMENT ALLOCATION MAP

run origin  load origin   length   init length attrs members
----------  ----------- ---------- ----------- ----- -------
00000000    00000000    000014f0   000014f0    r-x
  00000000    00000000    000000e4   000000e4    r-- .intvecs
  000000e4    000000e4    000013c8   000013c8    r-x .text
  000014b0    000014b0    00000040   00000040    r-- .cinit
20000000    20000000    0000004d   00000000    rw-
  20000000    20000000    00000041   00000000    rw- .data
  20000044    20000044    00000009   00000000    rw- .bss
2000fe00    2000fe00    00000200   00000000    rw-
  2000fe00    2000fe00    00000200   00000000    rw- .stack


SECTION ALLOCATION MAP

 output                                  attributes/
section   page    origin      length       input sections
--------  ----  ----------  ----------   ----------------
.intvecs   0    00000000    000000e4     
                  00000000    000000e4     startup_msp432p401r_ccs.obj (.intvecs:retain)

.binit     0    00000000    00000000     

.text      0    000000e4    000013c8     
                  000000e4    00000630     TExaS.obj (.text)
                  00000714    0000032c     system_msp432p401r.obj (.text)
                  00000a40    000001e0     Clock.obj (.text)
                  00000c20    000001b0     Motor.obj (.text)
                  00000dd0    000000f4     LaunchPad.obj (.text)
                  00000ec4    000000ec     PWM.obj (.text)
                  00000fb0    000000e4     Lab3_Timersmain.obj (.text)
                  00001094    000000a8     TimerA1.obj (.text)
                  0000113c    0000009c     rtsv7M4_T_le_v4SPD16_eabi.lib : memcpy_t2.obj (.text)
                  000011d8    0000007a                                   : memset_t2.obj (.text)
                  00001252    00000002                                   : mpu_init.obj (.text)
                  00001254    00000070                                   : autoinit.obj (.text)
                  000012c4    00000068                                   : copy_decompress_lzss.obj (.text:decompress:lzss)
                  0000132c    00000054                                   : boot.obj (.text)
                  00001380    00000054                                   : exit.obj (.text)
                  000013d4    0000004c                                   : cpy_tbl.obj (.text)
                  00001420    00000024     CortexM.obj (.text)
                  00001444    00000018     rtsv7M4_T_le_v4SPD16_eabi.lib : args_main.obj (.text)
                  0000145c    00000014                                   : _lock.obj (.text)
                  00001470    0000000e     Bump.obj (.text)
                  0000147e    0000000e     rtsv7M4_T_le_v4SPD16_eabi.lib : copy_decompress_none.obj (.text:decompress:none)
                  0000148c    0000000e     startup_msp432p401r_ccs.obj (.text)
                  0000149a    0000000c     rtsv7M4_T_le_v4SPD16_eabi.lib : copy_zero_init.obj (.text:decompress:ZI)
                  000014a6    00000004                                   : pre_init.obj (.text)
                  000014aa    00000002                                   : startup.obj (.text)

.cinit     0    000014b0    00000040     
                  000014b0    00000017     (.cinit..data.load) [load image, compression = lzss]
                  000014c7    00000001     --HOLE-- [fill = 0]
                  000014c8    0000000c     (__TI_handler_table)
                  000014d4    00000004     --HOLE-- [fill = 0]
                  000014d8    00000008     (.cinit..bss.load) [load image, compression = zero_init]
                  000014e0    00000010     (__TI_cinit_table)

.init_array 
*          0    00000000    00000000     UNINITIALIZED

.data      0    20000000    00000041     UNINITIALIZED
                  20000000    00000018     Clock.obj (.data)
                  20000018    0000000c     rtsv7M4_T_le_v4SPD16_eabi.lib : exit.obj (.data:$O1$$)
                  20000024    0000000c     TExaS.obj (.data)
                  20000030    00000008     rtsv7M4_T_le_v4SPD16_eabi.lib : _lock.obj (.data:$O1$$)
                  20000038    00000004                                   : stkdepth_vars.obj (.data)
                  2000003c    00000004     system_msp432p401r.obj (.data)
                  20000040    00000001     Lab3_Timersmain.obj (.data)

.bss       0    20000044    00000009     UNINITIALIZED
                  20000044    00000004     (.common:PeriodicTask2)
                  20000048    00000004     (.common:TimerA1Task)
                  2000004c    00000001     (.common:LogicData)

.stack     0    2000fe00    00000200     UNINITIALIZED
                  2000fe00    00000200     --HOLE--

MODULE SUMMARY

       Module                        code   ro data   rw data
       ------                        ----   -------   -------
    .\
       TExaS.obj                     1584   0         34     
       system_msp432p401r.obj        812    0         8      
       Clock.obj                     480    0         48     
       Motor.obj                     432    0         0      
       LaunchPad.obj                 244    0         0      
       startup_msp432p401r_ccs.obj   14     228       0      
       PWM.obj                       236    0         0      
       Lab3_Timersmain.obj           228    0         2      
       TimerA1.obj                   168    0         8      
       CortexM.obj                   36     0         0      
       Bump.obj                      14     0         0      
    +--+-----------------------------+------+---------+---------+
       Total:                        4248   228       100    
                                                             
    C:\ti\ccsv7\tools\compiler\ti-cgt-arm_16.9.6.LTS\lib\rtsv7M4_T_le_v4SPD16_eabi.lib
       memcpy_t2.obj                 156    0         0      
       memset_t2.obj                 122    0         0      
       autoinit.obj                  112    0         0      
       exit.obj                      84     0         24     
       copy_decompress_lzss.obj      104    0         0      
       boot.obj                      84     0         0      
       cpy_tbl.obj                   76     0         0      
       _lock.obj                     20     0         16     
       args_main.obj                 24     0         0      
       copy_decompress_none.obj      14     0         0      
       copy_zero_init.obj            12     0         0      
       stkdepth_vars.obj             0      0         8      
       pre_init.obj                  4      0         0      
       mpu_init.obj                  2      0         0      
       startup.obj                   2      0         0      
    +--+-----------------------------+------+---------+---------+
       Total:                        816    0         48     
                                                             
       Stack:                        0      0         1024   
       Linker Generated:             0      59        0      
    +--+-----------------------------+------+---------+---------+
       Grand Total:                  5064   287       1172   


LINKER GENERATED COPY TABLES

__TI_cinit_table @ 000014e0 records: 2, size/record: 8, table size: 16
	.data: load addr=000014b0, load size=00000017 bytes, run addr=20000000, run size=00000041 bytes, compression=lzss
	.bss: load addr=000014d8, load size=00000008 bytes, run addr=20000044, run size=00000009 bytes, compression=zero_init


LINKER GENERATED HANDLER TABLE

__TI_handler_table @ 000014c8 records: 3, size/record: 4, table size: 12
	index: 0, handler: __TI_decompress_lzss
	index: 1, handler: __TI_decompress_none
	index: 2, handler: __TI_zero_init


GLOBAL SYMBOLS: SORTED ALPHABETICALLY BY Name 

address   name                           
-------   ----                           
00001499  ADC14_IRQHandler               
00000475  ADC_Init                       
00001499  AES256_IRQHandler              
00001471  Bump_Init                      
00001473  Bump_Read                      
00001499  BusFault_Handler               
00001381  C$$EXIT                        
00001499  COMP_E0_IRQHandler             
00001499  COMP_E1_IRQHandler             
20000008  CPMwait                        
00001499  CS_IRQHandler                  
20000000  ClockFrequency                 
00000b95  Clock_Delay1ms                 
00000b6b  Clock_Delay1us                 
00000b57  Clock_GetFreq                  
00000a41  Clock_Init48MHz                
20000014  Crystalstable                  
00001499  DMA_ERR_IRQHandler             
00001499  DMA_INT0_IRQHandler            
00001499  DMA_INT1_IRQHandler            
00001499  DMA_INT2_IRQHandler            
00001499  DMA_INT3_IRQHandler            
00001499  DebugMon_Handler               
00001499  Default_Handler                
00001421  DisableInterrupts              
00001499  EUSCIA0_IRQHandler             
00001499  EUSCIA1_IRQHandler             
00001499  EUSCIA2_IRQHandler             
00001499  EUSCIA3_IRQHandler             
00001499  EUSCIB0_IRQHandler             
00001499  EUSCIB1_IRQHandler             
00001499  EUSCIB2_IRQHandler             
00001499  EUSCIB3_IRQHandler             
00001427  EnableInterrupts               
00001437  EndCritical                    
00001499  FLCTL_IRQHandler               
00001499  FPU_IRQHandler                 
00001499  HardFault_Handler              
20000010  IFlags                         
00000dd1  LaunchPad_Init                 
00000e41  LaunchPad_Input                
00000e5b  LaunchPad_LED                  
00000e79  LaunchPad_Output               
000000e5  LogicAnalyzer                  
000000ef  LogicAnalyzer_P1               
000001c5  LogicAnalyzer_P10              
000000fd  LogicAnalyzer_P2               
0000010b  LogicAnalyzer_P2_7654          
0000011b  LogicAnalyzer_P3               
00000129  LogicAnalyzer_P4               
00000147  LogicAnalyzer_P4_765320        
00000137  LogicAnalyzer_P4_765432        
0000017f  LogicAnalyzer_P5               
0000018d  LogicAnalyzer_P6               
0000019b  LogicAnalyzer_P7               
000001a9  LogicAnalyzer_P8               
000001b7  LogicAnalyzer_P9               
2000004c  LogicData                      
00001499  MemManage_Handler              
00000d71  Motor_Backward                 
00000ccd  Motor_Forward                  
00000c21  Motor_Init                     
00000d37  Motor_Left                     
00000cfd  Motor_Right                    
00000ca9  Motor_Stop                     
00001499  NMI_Handler                    
00001499  PCM_IRQHandler                 
00001499  PORT1_IRQHandler               
00001499  PORT2_IRQHandler               
00001499  PORT3_IRQHandler               
00001499  PORT4_IRQHandler               
00001499  PORT5_IRQHandler               
00001499  PORT6_IRQHandler               
00001499  PSS_IRQHandler                 
00000f49  PWM_Duty3                      
00000f69  PWM_Duty4                      
00000ec5  PWM_Init34                     
00001499  PendSV_Handler                 
20000044  PeriodicTask2                  
00000257  PeriodicTask2_Init             
000002d1  PeriodicTask2_Stop             
2000000c  Postwait                       
20000004  Prewait                        
00001499  RTC_C_IRQHandler               
0000148d  Reset_Handler                  
UNDEFED   SHT$$INIT_ARRAY$$Base          
UNDEFED   SHT$$INIT_ARRAY$$Limit         
00001499  SVC_Handler                    
000001d3  Scope                          
0000142d  StartCritical                  
00001499  SysTick_Handler                
2000003c  SystemCoreClock                
00000715  SystemCoreClockUpdate          
00000989  SystemInit                     
000002c1  T32_INT1_IRQHandler            
000002c1  T32_INT1_IRQHandler            
00001499  T32_INT2_IRQHandler            
00001499  T32_INTC_IRQHandler            
00001499  TA0_0_IRQHandler               
00001499  TA0_N_IRQHandler               
00001107  TA1_0_IRQHandler               
00001107  TA1_0_IRQHandler               
00001499  TA1_N_IRQHandler               
00001499  TA2_0_IRQHandler               
00001499  TA2_N_IRQHandler               
00001499  TA3_0_IRQHandler               
00001499  TA3_N_IRQHandler               
00000413  TExaS_Clear0                   
0000041f  TExaS_Clear1                   
0000042b  TExaS_Clear2                   
00000437  TExaS_Clear3                   
00000443  TExaS_Clear4                   
00000445  TExaS_Clear5                   
00000451  TExaS_Clear6                   
00000551  TExaS_Init                     
20000028  TExaS_ScopeErrConflict         
20000024  TExaS_ScopeErrLostData         
2000002c  TExaS_ScopeWrnReconfig         
000003b1  TExaS_Set                      
000003c9  TExaS_Set0                     
000003d5  TExaS_Set1                     
000003e1  TExaS_Set2                     
000003ed  TExaS_Set3                     
000003f9  TExaS_Set4                     
000003fb  TExaS_Set5                     
00000407  TExaS_Set6                     
000006b1  TExaS_Stop                     
00000367  TExaS_Task0                    
00000373  TExaS_Task1                    
0000037f  TExaS_Task2                    
0000038b  TExaS_Task3                    
00000397  TExaS_Task4                    
00000399  TExaS_Task5                    
000003a5  TExaS_Task6                    
00000fd1  Task                           
00000fb1  TimedPause                     
20000048  TimerA1Task                    
00001095  TimerA1_Init                   
000010f3  TimerA1_Stop                   
0000033b  UART_InChar                    
000002e1  UART_Init                      
0000034b  UART_OutChar                   
00001499  UsageFault_Handler             
4000480c  WDTCTL_SYM                     
00001499  WDT_A_IRQHandler               
0000143f  WaitForInterrupt               
20010000  __STACK_END                    
00000200  __STACK_SIZE                   
000014e0  __TI_CINIT_Base                
000014f0  __TI_CINIT_Limit               
000014c8  __TI_Handler_Table_Base        
000014d4  __TI_Handler_Table_Limit       
00001255  __TI_auto_init                 
20000018  __TI_cleanup_ptr               
000012c5  __TI_decompress_lzss           
0000147f  __TI_decompress_none           
2000001c  __TI_dtors_ptr                 
20000020  __TI_enable_exit_profile_output
ffffffff  __TI_pprof_out_hndl            
ffffffff  __TI_prof_data_size            
ffffffff  __TI_prof_data_start           
00000000  __TI_static_base__             
0000149b  __TI_zero_init                 
000011d9  __aeabi_memclr                 
000011d9  __aeabi_memclr4                
000011d9  __aeabi_memclr8                
0000113d  __aeabi_memcpy                 
0000113d  __aeabi_memcpy4                
0000113d  __aeabi_memcpy8                
000011db  __aeabi_memset                 
000011db  __aeabi_memset4                
000011db  __aeabi_memset8                
ffffffff  __binit__                      
ffffffff  __c_args__                     
00001253  __mpu_init                     
2000fe00  __stack                        
00001445  _args_main                     
0000132d  _c_int00                       
20000030  _lock                          
0000146b  _nop                           
00001463  _register_lock                 
0000145d  _register_unlock               
000014ab  _system_post_cinit             
000014a7  _system_pre_init               
20000034  _unlock                        
00001385  abort                          
ffffffff  binit                          
000013d5  copy_in                        
00000b5d  delay                          
0000138d  exit                           
00000000  interruptVectors               
00001009  main                           
20000038  main_func_sp                   
0000113d  memcpy                         
000011e1  memset                         


GLOBAL SYMBOLS: SORTED BY Symbol Address 

address   name                           
-------   ----                           
00000000  __TI_static_base__             
00000000  interruptVectors               
000000e5  LogicAnalyzer                  
000000ef  LogicAnalyzer_P1               
000000fd  LogicAnalyzer_P2               
0000010b  LogicAnalyzer_P2_7654          
0000011b  LogicAnalyzer_P3               
00000129  LogicAnalyzer_P4               
00000137  LogicAnalyzer_P4_765432        
00000147  LogicAnalyzer_P4_765320        
0000017f  LogicAnalyzer_P5               
0000018d  LogicAnalyzer_P6               
0000019b  LogicAnalyzer_P7               
000001a9  LogicAnalyzer_P8               
000001b7  LogicAnalyzer_P9               
000001c5  LogicAnalyzer_P10              
000001d3  Scope                          
00000200  __STACK_SIZE                   
00000257  PeriodicTask2_Init             
000002c1  T32_INT1_IRQHandler            
000002c1  T32_INT1_IRQHandler            
000002d1  PeriodicTask2_Stop             
000002e1  UART_Init                      
0000033b  UART_InChar                    
0000034b  UART_OutChar                   
00000367  TExaS_Task0                    
00000373  TExaS_Task1                    
0000037f  TExaS_Task2                    
0000038b  TExaS_Task3                    
00000397  TExaS_Task4                    
00000399  TExaS_Task5                    
000003a5  TExaS_Task6                    
000003b1  TExaS_Set                      
000003c9  TExaS_Set0                     
000003d5  TExaS_Set1                     
000003e1  TExaS_Set2                     
000003ed  TExaS_Set3                     
000003f9  TExaS_Set4                     
000003fb  TExaS_Set5                     
00000407  TExaS_Set6                     
00000413  TExaS_Clear0                   
0000041f  TExaS_Clear1                   
0000042b  TExaS_Clear2                   
00000437  TExaS_Clear3                   
00000443  TExaS_Clear4                   
00000445  TExaS_Clear5                   
00000451  TExaS_Clear6                   
00000475  ADC_Init                       
00000551  TExaS_Init                     
000006b1  TExaS_Stop                     
00000715  SystemCoreClockUpdate          
00000989  SystemInit                     
00000a41  Clock_Init48MHz                
00000b57  Clock_GetFreq                  
00000b5d  delay                          
00000b6b  Clock_Delay1us                 
00000b95  Clock_Delay1ms                 
00000c21  Motor_Init                     
00000ca9  Motor_Stop                     
00000ccd  Motor_Forward                  
00000cfd  Motor_Right                    
00000d37  Motor_Left                     
00000d71  Motor_Backward                 
00000dd1  LaunchPad_Init                 
00000e41  LaunchPad_Input                
00000e5b  LaunchPad_LED                  
00000e79  LaunchPad_Output               
00000ec5  PWM_Init34                     
00000f49  PWM_Duty3                      
00000f69  PWM_Duty4                      
00000fb1  TimedPause                     
00000fd1  Task                           
00001009  main                           
00001095  TimerA1_Init                   
000010f3  TimerA1_Stop                   
00001107  TA1_0_IRQHandler               
00001107  TA1_0_IRQHandler               
0000113d  __aeabi_memcpy                 
0000113d  __aeabi_memcpy4                
0000113d  __aeabi_memcpy8                
0000113d  memcpy                         
000011d9  __aeabi_memclr                 
000011d9  __aeabi_memclr4                
000011d9  __aeabi_memclr8                
000011db  __aeabi_memset                 
000011db  __aeabi_memset4                
000011db  __aeabi_memset8                
000011e1  memset                         
00001253  __mpu_init                     
00001255  __TI_auto_init                 
000012c5  __TI_decompress_lzss           
0000132d  _c_int00                       
00001381  C$$EXIT                        
00001385  abort                          
0000138d  exit                           
000013d5  copy_in                        
00001421  DisableInterrupts              
00001427  EnableInterrupts               
0000142d  StartCritical                  
00001437  EndCritical                    
0000143f  WaitForInterrupt               
00001445  _args_main                     
0000145d  _register_unlock               
00001463  _register_lock                 
0000146b  _nop                           
00001471  Bump_Init                      
00001473  Bump_Read                      
0000147f  __TI_decompress_none           
0000148d  Reset_Handler                  
00001499  ADC14_IRQHandler               
00001499  AES256_IRQHandler              
00001499  BusFault_Handler               
00001499  COMP_E0_IRQHandler             
00001499  COMP_E1_IRQHandler             
00001499  CS_IRQHandler                  
00001499  DMA_ERR_IRQHandler             
00001499  DMA_INT0_IRQHandler            
00001499  DMA_INT1_IRQHandler            
00001499  DMA_INT2_IRQHandler            
00001499  DMA_INT3_IRQHandler            
00001499  DebugMon_Handler               
00001499  Default_Handler                
00001499  EUSCIA0_IRQHandler             
00001499  EUSCIA1_IRQHandler             
00001499  EUSCIA2_IRQHandler             
00001499  EUSCIA3_IRQHandler             
00001499  EUSCIB0_IRQHandler             
00001499  EUSCIB1_IRQHandler             
00001499  EUSCIB2_IRQHandler             
00001499  EUSCIB3_IRQHandler             
00001499  FLCTL_IRQHandler               
00001499  FPU_IRQHandler                 
00001499  HardFault_Handler              
00001499  MemManage_Handler              
00001499  NMI_Handler                    
00001499  PCM_IRQHandler                 
00001499  PORT1_IRQHandler               
00001499  PORT2_IRQHandler               
00001499  PORT3_IRQHandler               
00001499  PORT4_IRQHandler               
00001499  PORT5_IRQHandler               
00001499  PORT6_IRQHandler               
00001499  PSS_IRQHandler                 
00001499  PendSV_Handler                 
00001499  RTC_C_IRQHandler               
00001499  SVC_Handler                    
00001499  SysTick_Handler                
00001499  T32_INT2_IRQHandler            
00001499  T32_INTC_IRQHandler            
00001499  TA0_0_IRQHandler               
00001499  TA0_N_IRQHandler               
00001499  TA1_N_IRQHandler               
00001499  TA2_0_IRQHandler               
00001499  TA2_N_IRQHandler               
00001499  TA3_0_IRQHandler               
00001499  TA3_N_IRQHandler               
00001499  UsageFault_Handler             
00001499  WDT_A_IRQHandler               
0000149b  __TI_zero_init                 
000014a7  _system_pre_init               
000014ab  _system_post_cinit             
000014c8  __TI_Handler_Table_Base        
000014d4  __TI_Handler_Table_Limit       
000014e0  __TI_CINIT_Base                
000014f0  __TI_CINIT_Limit               
20000000  ClockFrequency                 
20000004  Prewait                        
20000008  CPMwait                        
2000000c  Postwait                       
20000010  IFlags                         
20000014  Crystalstable                  
20000018  __TI_cleanup_ptr               
2000001c  __TI_dtors_ptr                 
20000020  __TI_enable_exit_profile_output
20000024  TExaS_ScopeErrLostData         
20000028  TExaS_ScopeErrConflict         
2000002c  TExaS_ScopeWrnReconfig         
20000030  _lock                          
20000034  _unlock                        
20000038  main_func_sp                   
2000003c  SystemCoreClock                
20000044  PeriodicTask2                  
20000048  TimerA1Task                    
2000004c  LogicData                      
2000fe00  __stack                        
20010000  __STACK_END                    
4000480c  WDTCTL_SYM                     
ffffffff  __TI_pprof_out_hndl            
ffffffff  __TI_prof_data_size            
ffffffff  __TI_prof_data_start           
ffffffff  __binit__                      
ffffffff  __c_args__                     
ffffffff  binit                          
UNDEFED   SHT$$INIT_ARRAY$$Base          
UNDEFED   SHT$$INIT_ARRAY$$Limit         

[195 symbols]
